Archive member included to satisfy reference by file (symbol)

/Applications/ArmGNUToolchain/12.3.rel1/arm-none-eabi/bin/../lib/gcc/arm-none-eabi/12.3.1/thumb/v6-m/nofp/libgcc.a(_dvmd_tls.o)
                              CMakeFiles/pico_w_webserver.dir/Users/kkfong/pico/pico-sdk/src/rp2_common/pico_divider/divider.S.obj (__aeabi_idiv0)
/Applications/ArmGNUToolchain/12.3.rel1/arm-none-eabi/bin/../lib/gcc/arm-none-eabi/12.3.1/../../../../arm-none-eabi/lib/thumb/v6-m/nofp/libg.a(libc_a-atoi.o)
                              CMakeFiles/pico_w_webserver.dir/Users/kkfong/pico/pico-sdk/lib/lwip/src/core/netif.c.obj (atoi)
/Applications/ArmGNUToolchain/12.3.rel1/arm-none-eabi/bin/../lib/gcc/arm-none-eabi/12.3.1/../../../../arm-none-eabi/lib/thumb/v6-m/nofp/libg.a(libc_a-calloc.o)
                              CMakeFiles/pico_w_webserver.dir/Users/kkfong/pico/pico-sdk/src/rp2_common/pico_malloc/pico_malloc.c.obj (calloc)
/Applications/ArmGNUToolchain/12.3.rel1/arm-none-eabi/bin/../lib/gcc/arm-none-eabi/12.3.1/../../../../arm-none-eabi/lib/thumb/v6-m/nofp/libg.a(libc_a-callocr.o)
                              /Applications/ArmGNUToolchain/12.3.rel1/arm-none-eabi/bin/../lib/gcc/arm-none-eabi/12.3.1/../../../../arm-none-eabi/lib/thumb/v6-m/nofp/libg.a(libc_a-calloc.o) (_calloc_r)
/Applications/ArmGNUToolchain/12.3.rel1/arm-none-eabi/bin/../lib/gcc/arm-none-eabi/12.3.1/../../../../arm-none-eabi/lib/thumb/v6-m/nofp/libg.a(libc_a-malloc.o)
                              CMakeFiles/pico_w_webserver.dir/Users/kkfong/pico/pico-sdk/src/rp2_common/pico_malloc/pico_malloc.c.obj (malloc)
/Applications/ArmGNUToolchain/12.3.rel1/arm-none-eabi/bin/../lib/gcc/arm-none-eabi/12.3.1/../../../../arm-none-eabi/lib/thumb/v6-m/nofp/libg.a(libc_a-mallocr.o)
                              /Applications/ArmGNUToolchain/12.3.rel1/arm-none-eabi/bin/../lib/gcc/arm-none-eabi/12.3.1/../../../../arm-none-eabi/lib/thumb/v6-m/nofp/libg.a(libc_a-callocr.o) (_malloc_r)
/Applications/ArmGNUToolchain/12.3.rel1/arm-none-eabi/bin/../lib/gcc/arm-none-eabi/12.3.1/../../../../arm-none-eabi/lib/thumb/v6-m/nofp/libg.a(libc_a-mlock.o)
                              /Applications/ArmGNUToolchain/12.3.rel1/arm-none-eabi/bin/../lib/gcc/arm-none-eabi/12.3.1/../../../../arm-none-eabi/lib/thumb/v6-m/nofp/libg.a(libc_a-mallocr.o) (__malloc_lock)
/Applications/ArmGNUToolchain/12.3.rel1/arm-none-eabi/bin/../lib/gcc/arm-none-eabi/12.3.1/../../../../arm-none-eabi/lib/thumb/v6-m/nofp/libg.a(libc_a-realloc.o)
                              CMakeFiles/pico_w_webserver.dir/Users/kkfong/pico/pico-sdk/src/rp2_common/pico_malloc/pico_malloc.c.obj (realloc)
/Applications/ArmGNUToolchain/12.3.rel1/arm-none-eabi/bin/../lib/gcc/arm-none-eabi/12.3.1/../../../../arm-none-eabi/lib/thumb/v6-m/nofp/libg.a(libc_a-reallocr.o)
                              /Applications/ArmGNUToolchain/12.3.rel1/arm-none-eabi/bin/../lib/gcc/arm-none-eabi/12.3.1/../../../../arm-none-eabi/lib/thumb/v6-m/nofp/libg.a(libc_a-realloc.o) (_realloc_r)
/Applications/ArmGNUToolchain/12.3.rel1/arm-none-eabi/bin/../lib/gcc/arm-none-eabi/12.3.1/../../../../arm-none-eabi/lib/thumb/v6-m/nofp/libg.a(libc_a-strtol.o)
                              /Applications/ArmGNUToolchain/12.3.rel1/arm-none-eabi/bin/../lib/gcc/arm-none-eabi/12.3.1/../../../../arm-none-eabi/lib/thumb/v6-m/nofp/libg.a(libc_a-atoi.o) (_strtol_r)
/Applications/ArmGNUToolchain/12.3.rel1/arm-none-eabi/bin/../lib/gcc/arm-none-eabi/12.3.1/../../../../arm-none-eabi/lib/thumb/v6-m/nofp/libg.a(libc_a-memcmp.o)
                              CMakeFiles/pico_w_webserver.dir/Users/kkfong/pico/pico-sdk/lib/lwip/src/netif/ethernet.c.obj (memcmp)
/Applications/ArmGNUToolchain/12.3.rel1/arm-none-eabi/bin/../lib/gcc/arm-none-eabi/12.3.1/../../../../arm-none-eabi/lib/thumb/v6-m/nofp/libg.a(libc_a-memmove.o)
                              CMakeFiles/pico_w_webserver.dir/Users/kkfong/pico/pico-sdk/lib/lwip/src/core/def.c.obj (memmove)
/Applications/ArmGNUToolchain/12.3.rel1/arm-none-eabi/bin/../lib/gcc/arm-none-eabi/12.3.1/../../../../arm-none-eabi/lib/thumb/v6-m/nofp/libg.a(libc_a-strchr.o)
                              CMakeFiles/pico_w_webserver.dir/Users/kkfong/pico/pico-sdk/lib/lwip/src/apps/http/httpd.c.obj (strchr)
/Applications/ArmGNUToolchain/12.3.rel1/arm-none-eabi/bin/../lib/gcc/arm-none-eabi/12.3.1/../../../../arm-none-eabi/lib/thumb/v6-m/nofp/libg.a(libc_a-strncmp.o)
                              CMakeFiles/pico_w_webserver.dir/Users/kkfong/pico/pico-sdk/lib/lwip/src/core/def.c.obj (strncmp)
/Applications/ArmGNUToolchain/12.3.rel1/arm-none-eabi/bin/../lib/gcc/arm-none-eabi/12.3.1/../../../../arm-none-eabi/lib/thumb/v6-m/nofp/libg.a(libc_a-impure.o)
                              /Applications/ArmGNUToolchain/12.3.rel1/arm-none-eabi/bin/../lib/gcc/arm-none-eabi/12.3.1/../../../../arm-none-eabi/lib/thumb/v6-m/nofp/libg.a(libc_a-calloc.o) (_impure_ptr)
[...]
Memory Configuration

Name             Origin             Length             Attributes
FLASH            0x10000000         0x00200000         xr
RAM              0x20000000         0x00040000         xrw
SCRATCH_X        0x20040000         0x00001000         xrw
SCRATCH_Y        0x20041000         0x00001000         xrw
*default*        0x00000000         0xffffffff

Linker script and memory map

LOAD /Applications/ArmGNUToolchain/12.3.rel1/arm-none-eabi/bin/../lib/gcc/arm-none-eabi/12.3.1/thumb/v6-m/nofp/crti.o
LOAD /Applications/ArmGNUToolchain/12.3.rel1/arm-none-eabi/bin/../lib/gcc/arm-none-eabi/12.3.1/thumb/v6-m/nofp/crtbegin.o
LOAD /Applications/ArmGNUToolchain/12.3.rel1/arm-none-eabi/bin/../lib/gcc/arm-none-eabi/12.3.1/../../../../arm-none-eabi/lib/thumb/v6-m/nofp/crt0.o

.flash_begin    0x10000000        0x0
                0x10000000                        __flash_binary_start = .

.boot2          0x10000000      0x100
                0x10000000                        __boot2_start__ = .
 *(.boot2)
 .boot2         0x10000000      0x100 /var/folders/vz/xdkk7kb96tq0g414_7rcm5rr0000gn/T//ccXE70iV.o
                0x10000100                        __boot2_end__ = .
                0x00000001                        ASSERT (((__boot2_end__ - __boot2_start__) == 0x100), ERROR: Pico second stage bootloader must be 256 bytes in size)

.text           0x10000100    0x15648
                0x10000100                        __logical_binary_start = .
 *(.vectors)
 .vectors       0x10000100       0xd4 CMakeFiles/pico_w_webserver.dir/Users/kkfong/pico/pico-sdk/src/rp2_common/pico_standard_link/crt0.S.obj
                0x10000100                __VECTOR_TABLE
                0x10000100                __vectors
                0x100001c0                __default_isrs_start
                0x100001c0                isr_invalid
                0x100001c2                isr_nmi
                0x100001c4                isr_hardfault
                0x100001c6                isr_svcall
                0x100001c8                isr_pendsv
                0x100001ca                isr_systick
                0x100001cc                isr_irq28
                0x100001cc                isr_irq19
                0x100001cc                isr_irq0
                0x100001cc                isr_irq6
                0x100001cc                isr_irq22
                0x100001cc                isr_irq17
                0x100001cc                isr_irq14
                0x100001cc                isr_irq2
                0x100001cc                isr_irq10
                0x100001cc                isr_irq8
                0x100001cc                isr_irq24
                0x100001cc                isr_irq1
                0x100001cc                isr_irq7
                0x100001cc                isr_irq21
                0x100001cc                isr_irq20
                0x100001cc                isr_irq15
                0x100001cc                isr_irq25
                0x100001cc                isr_irq4
                0x100001cc                isr_irq16
                0x100001cc                isr_irq29
                0x100001cc                isr_irq26
                0x100001cc                __default_isrs_end
                0x100001cc                isr_irq3
                0x100001cc                isr_irq9
                0x100001cc                __unhandled_user_irq
                0x100001cc                isr_irq13
                0x100001cc                isr_irq27
                0x100001cc                isr_irq31
                0x100001cc                isr_irq5
                0x100001cc                isr_irq11
                0x100001cc                isr_irq23
                0x100001cc                isr_irq18
                0x100001cc                isr_irq30
                0x100001cc                isr_irq12
                0x100001d2                unhandled_user_irq_num_in_r0
 *(.binary_info_header)
 .binary_info_header
                0x100001d4       0x14 CMakeFiles/pico_w_webserver.dir/Users/kkfong/pico/pico-sdk/src/rp2_common/pico_standard_link/crt0.S.obj
                0x100001e8                        __binary_info_header_end = .
 *(.reset)
 .reset         0x100001e8       0xa0 CMakeFiles/pico_w_webserver.dir/Users/kkfong/pico/pico-sdk/src/rp2_common/pico_standard_link/crt0.S.obj
                0x100001e8                _entry_point
 .reset         0x10000288       0x30 CMakeFiles/pico_w_webserver.dir/Users/kkfong/pico/pico-sdk/src/rp2_common/pico_standard_link/binary_info.c.obj
 *(.init)
 .init          0x100002b8        0x4 /Applications/ArmGNUToolchain/12.3.rel1/arm-none-eabi/bin/../lib/gcc/arm-none-eabi/12.3.1/thumb/v6-m/nofp/crti.o
                0x100002b8                _init
 *(EXCLUDE_FILE(*libm.a: *libc.a:*lib_a-mem*.o *libgcc.a:) .text*)
 .text.register_tm_clones
                0x100002bc       0x28 /Applications/ArmGNUToolchain/12.3.rel1/arm-none-eabi/bin/../lib/gcc/arm-none-eabi/12.3.1/thumb/v6-m/nofp/crtbegin.o
 .text.frame_dummy
                0x100002e4       0x24 /Applications/ArmGNUToolchain/12.3.rel1/arm-none-eabi/bin/../lib/gcc/arm-none-eabi/12.3.1/thumb/v6-m/nofp/crtbegin.o
 .text.ssi_handler
                0x10000308       0x20 CMakeFiles/pico_w_webserver.dir/main.c.obj
                0x10000308                ssi_handler
 .text.cgi_led_handler
                0x10000328       0x50 CMakeFiles/pico_w_webserver.dir/main.c.obj
                0x10000328                cgi_led_handler
 .text.ssi_init
                0x10000378       0x18 CMakeFiles/pico_w_webserver.dir/main.c.obj
                0x10000378                ssi_init
 .text.cgi_init
                0x10000390       0x10 CMakeFiles/pico_w_webserver.dir/main.c.obj
                0x10000390                cgi_init
 .text.main     0x100003a0       0x70 CMakeFiles/pico_w_webserver.dir/main.c.obj
                0x100003a0                main
 .text.to_ms_since_boot
                0x10000410       0x1c CMakeFiles/pico_w_webserver.dir/Users/kkfong/pico/pico-sdk/src/rp2_common/pico_lwip/lwip_nosys.c.obj
 .text.update_us_since_boot
                0x1000042c       0x24 CMakeFiles/pico_w_webserver.dir/Users/kkfong/pico/pico-sdk/src/rp2_common/pico_lwip/lwip_nosys.c.obj
 .text.delayed_by_ms
                0x10000450       0x44 CMakeFiles/pico_w_webserver.dir/Users/kkfong/pico/pico-sdk/src/rp2_common/pico_lwip/lwip_nosys.c.obj
 .text.lwip_timeout_reached
                0x10000494       0x2c CMakeFiles/pico_w_webserver.dir/Users/kkfong/pico/pico-sdk/src/rp2_common/pico_lwip/lwip_nosys.c.obj
 .text.get_absolute_time
                0x100004c0       0x22 CMakeFiles/pico_w_webserver.dir/Users/kkfong/pico/pico-sdk/src/rp2_common/pico_lwip/lwip_nosys.c.obj
 .text.make_timeout_time_ms
                0x100004e2       0x20 CMakeFiles/pico_w_webserver.dir/Users/kkfong/pico/pico-sdk/src/rp2_common/pico_lwip/lwip_nosys.c.obj
 *fill*         0x10000502        0x2 
 .text.update_next_timeout
                0x10000504       0x6c CMakeFiles/pico_w_webserver.dir/Users/kkfong/pico/pico-sdk/src/rp2_common/pico_lwip/lwip_nosys.c.obj
 .text.lwip_nosys_init
                0x10000570       0x34 CMakeFiles/pico_w_webserver.dir/Users/kkfong/pico/pico-sdk/src/rp2_common/pico_lwip/lwip_nosys.c.obj
                0x10000570                lwip_nosys_init
 .text.lwip_nosys_deinit
                0x100005a4       0x20 CMakeFiles/pico_w_webserver.dir/Users/kkfong/pico/pico-sdk/src/rp2_common/pico_lwip/lwip_nosys.c.obj
                0x100005a4                lwip_nosys_deinit
 .text.sys_arch_protect
                0x100005c4        0x4 CMakeFiles/pico_w_webserver.dir/Users/kkfong/pico/pico-sdk/src/rp2_common/pico_lwip/lwip_nosys.c.obj
                0x100005c4                sys_arch_protect
 .text.sys_arch_unprotect
                0x100005c8        0x2 CMakeFiles/pico_w_webserver.dir/Users/kkfong/pico/pico-sdk/src/rp2_common/pico_lwip/lwip_nosys.c.obj
                0x100005c8                sys_arch_unprotect
 .text.sys_now  0x100005ca       0x16 CMakeFiles/pico_w_webserver.dir/Users/kkfong/pico/pico-sdk/src/rp2_common/pico_lwip/lwip_nosys.c.obj
                0x100005ca                sys_now
 .text.is_at_the_end_of_time
                0x100005e0       0x1c CMakeFiles/pico_w_webserver.dir/Users/kkfong/pico/pico-sdk/src/rp2_common/pico_async_context/async_context_base.c.obj
 .text.update_us_since_boot
                0x100005fc       0x24 CMakeFiles/pico_w_webserver.dir/Users/kkfong/pico/pico-sdk/src/rp2_common/pico_async_context/async_context_base.c.obj
 .text.get_absolute_time
                0x10000620       0x22 CMakeFiles/pico_w_webserver.dir/Users/kkfong/pico/pico-sdk/src/rp2_common/pico_async_context/async_context_base.c.obj
 .text.async_context_base_add_at_time_worker
                0x10000642       0x1c CMakeFiles/pico_w_webserver.dir/Users/kkfong/pico/pico-sdk/src/rp2_common/pico_async_context/async_context_base.c.obj
                0x10000642                async_context_base_add_at_time_worker
 .text.async_context_base_remove_at_time_worker
                0x1000065e       0x1c CMakeFiles/pico_w_webserver.dir/Users/kkfong/pico/pico-sdk/src/rp2_common/pico_async_context/async_context_base.c.obj
                0x1000065e                async_context_base_remove_at_time_worker
 .text.async_context_base_add_when_pending_worker
                0x1000067a       0x1c CMakeFiles/pico_w_webserver.dir/Users/kkfong/pico/pico-sdk/src/rp2_common/pico_async_context/async_context_base.c.obj
                0x1000067a                async_context_base_add_when_pending_worker
 .text.async_context_base_remove_when_pending_worker
                0x10000696       0x1c CMakeFiles/pico_w_webserver.dir/Users/kkfong/pico/pico-sdk/src/rp2_common/pico_async_context/async_context_base.c.obj
                0x10000696                async_context_base_remove_when_pending_worker
 *fill*         0x100006b2        0x2 
 .text.async_context_base_remove_ready_at_time_worker
                0x100006b4       0x78 CMakeFiles/pico_w_webserver.dir/Users/kkfong/pico/pico-sdk/src/rp2_common/pico_async_context/async_context_base.c.obj
                0x100006b4                async_context_base_remove_ready_at_time_worker
 .text.async_context_base_refresh_next_timeout
                0x1000072c       0x3c CMakeFiles/pico_w_webserver.dir/Users/kkfong/pico/pico-sdk/src/rp2_common/pico_async_context/async_context_base.c.obj
                0x1000072c                async_context_base_refresh_next_timeout
 .text.async_context_base_execute_once
                0x10000768       0x48 CMakeFiles/pico_w_webserver.dir/Users/kkfong/pico/pico-sdk/src/rp2_common/pico_async_context/async_context_base.c.obj
                0x10000768                async_context_base_execute_once
 .text.running_on_fpga
                0x100007b0       0x14 CMakeFiles/pico_w_webserver.dir/Users/kkfong/pico/pico-sdk/src/rp2_common/pico_platform/platform.c.obj
                0x100007b0                running_on_fpga
 .text.splitmix64
                0x100007c4       0x58 CMakeFiles/pico_w_webserver.dir/Users/kkfong/pico/pico-sdk/src/rp2_common/pico_rand/rand.c.obj
 .text.sdbm_hash64_sram
                0x1000081c       0x64 CMakeFiles/pico_w_webserver.dir/Users/kkfong/pico/pico-sdk/src/rp2_common/pico_rand/rand.c.obj
 .text.xoroshiro128ss
                0x10000880       0xb8 CMakeFiles/pico_w_webserver.dir/Users/kkfong/pico/pico-sdk/src/rp2_common/pico_rand/rand.c.obj
 .text.update_us_since_boot
                0x10000938       0x24 CMakeFiles/pico_w_webserver.dir/Users/kkfong/pico/pico-sdk/src/rp2_common/pico_rand/rand.c.obj
 .text.get_absolute_time
                0x1000095c       0x22 CMakeFiles/pico_w_webserver.dir/Users/kkfong/pico/pico-sdk/src/rp2_common/pico_rand/rand.c.obj
 *fill*         0x1000097e        0x2 
 .text.delayed_by_us
                0x10000980       0x34 CMakeFiles/pico_w_webserver.dir/Users/kkfong/pico/pico-sdk/src/rp2_common/pico_rand/rand.c.obj
 .text.make_timeout_time_us
                0x100009b4       0x24 CMakeFiles/pico_w_webserver.dir/Users/kkfong/pico/pico-sdk/src/rp2_common/pico_rand/rand.c.obj
 .text.capture_additional_rosc_samples
                0x100009d8      0x164 CMakeFiles/pico_w_webserver.dir/Users/kkfong/pico/pico-sdk/src/rp2_common/pico_rand/rand.c.obj
 .text.initialise_rand
                0x10000b3c      0x110 CMakeFiles/pico_w_webserver.dir/Users/kkfong/pico/pico-sdk/src/rp2_common/pico_rand/rand.c.obj
 .text.get_rand_64
                0x10000c4c      0x10c CMakeFiles/pico_w_webserver.dir/Users/kkfong/pico/pico-sdk/src/rp2_common/pico_rand/rand.c.obj
                0x10000c4c                get_rand_64
 .text.get_rand_32
                0x10000d58        0x8 CMakeFiles/pico_w_webserver.dir/Users/kkfong/pico/pico-sdk/src/rp2_common/pico_rand/rand.c.obj
                0x10000d58                get_rand_32
 .text._retrieve_unique_id_on_boot
                0x10000d60       0x10 CMakeFiles/pico_w_webserver.dir/Users/kkfong/pico/pico-sdk/src/rp2_common/pico_unique_id/unique_id.c.obj
 .text.pico_get_unique_board_id
                0x10000d70       0x10 CMakeFiles/pico_w_webserver.dir/Users/kkfong/pico/pico-sdk/src/rp2_common/pico_unique_id/unique_id.c.obj
                0x10000d70                pico_get_unique_board_id
 .text.pico_get_unique_board_id_string
                0x10000d80       0x5c CMakeFiles/pico_w_webserver.dir/Users/kkfong/pico/pico-sdk/src/rp2_common/pico_unique_id/unique_id.c.obj
                0x10000d80                pico_get_unique_board_id_string
 .text.flash_get_unique_id
                0x10000ddc       0x46 CMakeFiles/pico_w_webserver.dir/Users/kkfong/pico/pico-sdk/src/rp2_common/hardware_flash/flash.c.obj
                0x10000ddc                flash_get_unique_id
 *fill*         0x10000e22        0x2 
 .text.hw_claim_lock
                0x10000e24       0x18 CMakeFiles/pico_w_webserver.dir/Users/kkfong/pico/pico-sdk/src/rp2_common/hardware_claim/claim.c.obj
                0x10000e24                hw_claim_lock
 .text.hw_claim_unlock
                0x10000e3c       0x14 CMakeFiles/pico_w_webserver.dir/Users/kkfong/pico/pico-sdk/src/rp2_common/hardware_claim/claim.c.obj
                0x10000e3c                hw_claim_unlock
 .text.hw_claim_or_assert
                0x10000e50       0x32 CMakeFiles/pico_w_webserver.dir/Users/kkfong/pico/pico-sdk/src/rp2_common/hardware_claim/claim.c.obj
                0x10000e50                hw_claim_or_assert
 .text.hw_claim_unused_from_range
                0x10000e82       0x50 CMakeFiles/pico_w_webserver.dir/Users/kkfong/pico/pico-sdk/src/rp2_common/hardware_claim/claim.c.obj
                0x10000e82                hw_claim_unused_from_range
 *fill*         0x10000ed2        0x2 
 .text.hw_claim_clear
                0x10000ed4       0x40 CMakeFiles/pico_w_webserver.dir/Users/kkfong/pico/pico-sdk/src/rp2_common/hardware_claim/claim.c.obj
                0x10000ed4                hw_claim_clear
 .text.spin_locks_reset
                0x10000f14       0x20 CMakeFiles/pico_w_webserver.dir/Users/kkfong/pico/pico-sdk/src/rp2_common/hardware_sync/sync.c.obj
                0x10000f14                spin_locks_reset
 .text.next_striped_spin_lock_num
                0x10000f34       0x1c CMakeFiles/pico_w_webserver.dir/Users/kkfong/pico/pico-sdk/src/rp2_common/hardware_sync/sync.c.obj
                0x10000f34                next_striped_spin_lock_num
 .text.spin_lock_claim_unused
                0x10000f50       0x24 CMakeFiles/pico_w_webserver.dir/Users/kkfong/pico/pico-sdk/src/rp2_common/hardware_sync/sync.c.obj
                0x10000f50                spin_lock_claim_unused
 .text.rom_func_lookup
                0x10000f74       0x10 CMakeFiles/pico_w_webserver.dir/Users/kkfong/pico/pico-sdk/src/rp2_common/pico_bootrom/bootrom.c.obj
                0x10000f74                rom_func_lookup
 .text.rom_data_lookup
                0x10000f84       0x10 CMakeFiles/pico_w_webserver.dir/Users/kkfong/pico/pico-sdk/src/rp2_common/pico_bootrom/bootrom.c.obj
                0x10000f84                rom_data_lookup
 .text.rom_funcs_lookup
                0x10000f94       0x36 CMakeFiles/pico_w_webserver.dir/Users/kkfong/pico/pico-sdk/src/rp2_common/pico_bootrom/bootrom.c.obj
                0x10000f94                rom_funcs_lookup
 *fill*         0x10000fca        0x2 
 .text.clock_configure
                0x10000fcc      0x108 CMakeFiles/pico_w_webserver.dir/Users/kkfong/pico/pico-sdk/src/rp2_common/hardware_clocks/clocks.c.obj
                0x10000fcc                clock_configure
 .text.clocks_init
                0x100010d4      0x100 CMakeFiles/pico_w_webserver.dir/Users/kkfong/pico/pico-sdk/src/rp2_common/hardware_clocks/clocks.c.obj
                0x100010d4                clocks_init
 .text.clock_get_hz
                0x100011d4        0xc CMakeFiles/pico_w_webserver.dir/Users/kkfong/pico/pico-sdk/src/rp2_common/hardware_clocks/clocks.c.obj
                0x100011d4                clock_get_hz
 .text.gpio_set_function
                0x100011e0       0x30 CMakeFiles/pico_w_webserver.dir/Users/kkfong/pico/pico-sdk/src/rp2_common/hardware_gpio/gpio.c.obj
                0x100011e0                gpio_set_function
 .text.gpio_set_pulls
                0x10001210       0x34 CMakeFiles/pico_w_webserver.dir/Users/kkfong/pico/pico-sdk/src/rp2_common/hardware_gpio/gpio.c.obj
                0x10001210                gpio_set_pulls
 .text.gpio_set_input_hysteresis_enabled
                0x10001244       0x30 CMakeFiles/pico_w_webserver.dir/Users/kkfong/pico/pico-sdk/src/rp2_common/hardware_gpio/gpio.c.obj
                0x10001244                gpio_set_input_hysteresis_enabled
 .text.gpio_add_raw_irq_handler_with_order_priority_masked
                0x10001274       0x40 CMakeFiles/pico_w_webserver.dir/Users/kkfong/pico/pico-sdk/src/rp2_common/hardware_gpio/gpio.c.obj
                0x10001274                gpio_add_raw_irq_handler_with_order_priority_masked
 .text.gpio_remove_raw_irq_handler_masked
                0x100012b4       0x48 CMakeFiles/pico_w_webserver.dir/Users/kkfong/pico/pico-sdk/src/rp2_common/hardware_gpio/gpio.c.obj
                0x100012b4                gpio_remove_raw_irq_handler_masked
 .text.gpio_acknowledge_irq
                0x100012fc       0x18 CMakeFiles/pico_w_webserver.dir/Users/kkfong/pico/pico-sdk/src/rp2_common/hardware_gpio/gpio.c.obj
                0x100012fc                gpio_acknowledge_irq
 .text._gpio_set_irq_enabled
                0x10001314       0x34 CMakeFiles/pico_w_webserver.dir/Users/kkfong/pico/pico-sdk/src/rp2_common/hardware_gpio/gpio.c.obj
 .text.gpio_set_irq_enabled
                0x10001348       0x20 CMakeFiles/pico_w_webserver.dir/Users/kkfong/pico/pico-sdk/src/rp2_common/hardware_gpio/gpio.c.obj
                0x10001348                gpio_set_irq_enabled
 .text.gpio_init
                0x10001368       0x16 CMakeFiles/pico_w_webserver.dir/Users/kkfong/pico/pico-sdk/src/rp2_common/hardware_gpio/gpio.c.obj
                0x10001368                gpio_init
 *fill*         0x1000137e        0x2 
 .text.set_raw_irq_handler_and_unlock
                0x10001380       0x28 CMakeFiles/pico_w_webserver.dir/Users/kkfong/pico/pico-sdk/src/rp2_common/hardware_irq/irq.c.obj
 .text.get_user_irq_claim_index
                0x100013a8        0x6 CMakeFiles/pico_w_webserver.dir/Users/kkfong/pico/pico-sdk/src/rp2_common/hardware_irq/irq.c.obj
 *fill*         0x100013ae        0x2 
 .text.resolve_branch
                0x100013b0       0x30 CMakeFiles/pico_w_webserver.dir/Users/kkfong/pico/pico-sdk/src/rp2_common/hardware_irq/irq.c.obj
 .text.make_branch
                0x100013e0       0x48 CMakeFiles/pico_w_webserver.dir/Users/kkfong/pico/pico-sdk/src/rp2_common/hardware_irq/irq.c.obj
 .text.insert_branch_and_link
                0x10001428       0x40 CMakeFiles/pico_w_webserver.dir/Users/kkfong/pico/pico-sdk/src/rp2_common/hardware_irq/irq.c.obj
 .text.irq_is_enabled
                0x10001468       0x18 CMakeFiles/pico_w_webserver.dir/Users/kkfong/pico/pico-sdk/src/rp2_common/hardware_irq/irq.c.obj
                0x10001468                irq_is_enabled
 .text.irq_set_mask_enabled
                0x10001480       0x20 CMakeFiles/pico_w_webserver.dir/Users/kkfong/pico/pico-sdk/src/rp2_common/hardware_irq/irq.c.obj
                0x10001480                irq_set_mask_enabled
 .text.irq_set_enabled
                0x100014a0        0xe CMakeFiles/pico_w_webserver.dir/Users/kkfong/pico/pico-sdk/src/rp2_common/hardware_irq/irq.c.obj
                0x100014a0                irq_set_enabled
 *fill*         0x100014ae        0x2 
 .text.irq_set_pending
                0x100014b0       0x10 CMakeFiles/pico_w_webserver.dir/Users/kkfong/pico/pico-sdk/src/rp2_common/hardware_irq/irq.c.obj
                0x100014b0                irq_set_pending
 .text.irq_get_vtable_handler
                0x100014c0       0x10 CMakeFiles/pico_w_webserver.dir/Users/kkfong/pico/pico-sdk/src/rp2_common/hardware_irq/irq.c.obj
                0x100014c0                irq_get_vtable_handler
 .text.irq_has_shared_handler
                0x100014d0       0x24 CMakeFiles/pico_w_webserver.dir/Users/kkfong/pico/pico-sdk/src/rp2_common/hardware_irq/irq.c.obj
                0x100014d0                irq_has_shared_handler
 .text.irq_set_exclusive_handler
                0x100014f4       0x54 CMakeFiles/pico_w_webserver.dir/Users/kkfong/pico/pico-sdk/src/rp2_common/hardware_irq/irq.c.obj
                0x100014f4                irq_set_exclusive_handler
 .text.irq_add_shared_handler
                0x10001548      0x210 CMakeFiles/pico_w_webserver.dir/Users/kkfong/pico/pico-sdk/src/rp2_common/hardware_irq/irq.c.obj
                0x10001548                irq_add_shared_handler
 .text.irq_remove_handler
                0x10001758      0x188 CMakeFiles/pico_w_webserver.dir/Users/kkfong/pico/pico-sdk/src/rp2_common/hardware_irq/irq.c.obj
                0x10001758                irq_remove_handler
 .text.irq_set_priority
                0x100018e0       0x28 CMakeFiles/pico_w_webserver.dir/Users/kkfong/pico/pico-sdk/src/rp2_common/hardware_irq/irq.c.obj
                0x100018e0                irq_set_priority
 .text.irq_add_tail_to_free_list
                0x10001908       0xf0 CMakeFiles/pico_w_webserver.dir/Users/kkfong/pico/pico-sdk/src/rp2_common/hardware_irq/irq.c.obj
                0x10001908                irq_add_tail_to_free_list
 .text.irq_init_priorities
                0x100019f8       0x1c CMakeFiles/pico_w_webserver.dir/Users/kkfong/pico/pico-sdk/src/rp2_common/hardware_irq/irq.c.obj
                0x100019f8                irq_init_priorities
 .text.user_irq_unclaim
                0x10001a14       0x18 CMakeFiles/pico_w_webserver.dir/Users/kkfong/pico/pico-sdk/src/rp2_common/hardware_irq/irq.c.obj
                0x10001a14                user_irq_unclaim
 .text.user_irq_claim_unused
                0x10001a2c       0x2c CMakeFiles/pico_w_webserver.dir/Users/kkfong/pico/pico-sdk/src/rp2_common/hardware_irq/irq.c.obj
                0x10001a2c                user_irq_claim_unused
 .text.sem_init
                0x10001a58       0x1e CMakeFiles/pico_w_webserver.dir/Users/kkfong/pico/pico-sdk/src/common/pico_sync/sem.c.obj
                0x10001a58                sem_init
 *fill*         0x10001a76        0x2 
 .text.lock_init
                0x10001a78       0x10 CMakeFiles/pico_w_webserver.dir/Users/kkfong/pico/pico-sdk/src/common/pico_sync/lock_core.c.obj
                0x10001a78                lock_init
 .text.update_us_since_boot
                0x10001a88       0x24 CMakeFiles/pico_w_webserver.dir/Users/kkfong/pico/pico-sdk/src/common/pico_sync/mutex.c.obj
 .text.delayed_by_ms
                0x10001aac       0x44 CMakeFiles/pico_w_webserver.dir/Users/kkfong/pico/pico-sdk/src/common/pico_sync/mutex.c.obj
 .text.get_absolute_time
                0x10001af0       0x22 CMakeFiles/pico_w_webserver.dir/Users/kkfong/pico/pico-sdk/src/common/pico_sync/mutex.c.obj
 .text.make_timeout_time_ms
                0x10001b12       0x20 CMakeFiles/pico_w_webserver.dir/Users/kkfong/pico/pico-sdk/src/common/pico_sync/mutex.c.obj
 .text.mutex_init
                0x10001b32       0x1a CMakeFiles/pico_w_webserver.dir/Users/kkfong/pico/pico-sdk/src/common/pico_sync/mutex.c.obj
                0x10001b32                mutex_init
 .text.recursive_mutex_init
                0x10001b4c       0x1e CMakeFiles/pico_w_webserver.dir/Users/kkfong/pico/pico-sdk/src/common/pico_sync/mutex.c.obj
                0x10001b4c                recursive_mutex_init
 *fill*         0x10001b6a        0x2 
 .text.critical_section_init_with_lock_num
                0x10001b6c       0x14 CMakeFiles/pico_w_webserver.dir/Users/kkfong/pico/pico-sdk/src/common/pico_sync/critical_section.c.obj
                0x10001b6c                critical_section_init_with_lock_num
 .text.critical_section_init
                0x10001b80       0x14 CMakeFiles/pico_w_webserver.dir/Users/kkfong/pico/pico-sdk/src/common/pico_sync/critical_section.c.obj
                0x10001b80                critical_section_init
 .text.time_reached
                0x10001b94       0x28 CMakeFiles/pico_w_webserver.dir/Users/kkfong/pico/pico-sdk/src/common/pico_time/time.c.obj
 .text.get_entry
                0x10001bbc       0x38 CMakeFiles/pico_w_webserver.dir/Users/kkfong/pico/pico-sdk/src/common/pico_time/time.c.obj
 .text.timer_pool_entry_comparator
                0x10001bf4       0x2e CMakeFiles/pico_w_webserver.dir/Users/kkfong/pico/pico-sdk/src/common/pico_time/time.c.obj
                0x10001bf4                timer_pool_entry_comparator
 *fill*         0x10001c22        0x2 
 .text.update_us_since_boot
                0x10001c24       0x24 CMakeFiles/pico_w_webserver.dir/Users/kkfong/pico/pico-sdk/src/common/pico_time/time.c.obj
 .text.delayed_by_us
                0x10001c48       0x34 CMakeFiles/pico_w_webserver.dir/Users/kkfong/pico/pico-sdk/src/common/pico_time/time.c.obj
 .text.ph_get_node
                0x10001c7c       0x30 CMakeFiles/pico_w_webserver.dir/Users/kkfong/pico/pico-sdk/src/common/pico_time/time.c.obj
 .text.ph_contains_node
                0x10001cac       0x1e CMakeFiles/pico_w_webserver.dir/Users/kkfong/pico/pico-sdk/src/common/pico_time/time.c.obj
 .text.ph_new_node
                0x10001cca       0x28 CMakeFiles/pico_w_webserver.dir/Users/kkfong/pico/pico-sdk/src/common/pico_time/time.c.obj
 *fill*         0x10001cf2        0x2 
 .text.ph_add_child_node
                0x10001cf4       0x6c CMakeFiles/pico_w_webserver.dir/Users/kkfong/pico/pico-sdk/src/common/pico_time/time.c.obj
 .text.ph_merge_nodes
                0x10001d60       0x3e CMakeFiles/pico_w_webserver.dir/Users/kkfong/pico/pico-sdk/src/common/pico_time/time.c.obj
 *fill*         0x10001d9e        0x2 
 .text.ph_insert_node
                0x10001da0       0x3c CMakeFiles/pico_w_webserver.dir/Users/kkfong/pico/pico-sdk/src/common/pico_time/time.c.obj
 .text.ph_free_node
                0x10001ddc       0x5c CMakeFiles/pico_w_webserver.dir/Users/kkfong/pico/pico-sdk/src/common/pico_time/time.c.obj
 .text.get_entry_id_high
                0x10001e38       0x30 CMakeFiles/pico_w_webserver.dir/Users/kkfong/pico/pico-sdk/src/common/pico_time/time.c.obj
 .text.alarm_pool_post_alloc_init
                0x10001e68       0x40 CMakeFiles/pico_w_webserver.dir/Users/kkfong/pico/pico-sdk/src/common/pico_time/time.c.obj
 .text.sleep_until_callback
                0x10001ea8       0x30 CMakeFiles/pico_w_webserver.dir/Users/kkfong/pico/pico-sdk/src/common/pico_time/time.c.obj
 .text.get_absolute_time
                0x10001ed8       0x22 CMakeFiles/pico_w_webserver.dir/Users/kkfong/pico/pico-sdk/src/common/pico_time/time.c.obj
 .text.make_timeout_time_us
                0x10001efa       0x24 CMakeFiles/pico_w_webserver.dir/Users/kkfong/pico/pico-sdk/src/common/pico_time/time.c.obj
 *fill*         0x10001f1e        0x2 
 .text.add_alarm_under_lock
                0x10001f20       0x94 CMakeFiles/pico_w_webserver.dir/Users/kkfong/pico/pico-sdk/src/common/pico_time/time.c.obj
 .text.alarm_pool_alarm_callback
                0x10001fb4      0x210 CMakeFiles/pico_w_webserver.dir/Users/kkfong/pico/pico-sdk/src/common/pico_time/time.c.obj
 .text.alarm_pool_init_default
                0x100021c4       0x40 CMakeFiles/pico_w_webserver.dir/Users/kkfong/pico/pico-sdk/src/common/pico_time/time.c.obj
                0x100021c4                alarm_pool_init_default
 .text.alarm_pool_get_default
                0x10002204       0x2c CMakeFiles/pico_w_webserver.dir/Users/kkfong/pico/pico-sdk/src/common/pico_time/time.c.obj
                0x10002204                alarm_pool_get_default
 .text.alarm_pool_add_alarm_at
                0x10002230      0x10e CMakeFiles/pico_w_webserver.dir/Users/kkfong/pico/pico-sdk/src/common/pico_time/time.c.obj
                0x10002230                alarm_pool_add_alarm_at
 .text.add_alarm_at
                0x1000233e       0x2e CMakeFiles/pico_w_webserver.dir/Users/kkfong/pico/pico-sdk/src/common/pico_time/time.c.obj
 .text.alarm_pool_cancel_alarm
                0x1000236c       0xa8 CMakeFiles/pico_w_webserver.dir/Users/kkfong/pico/pico-sdk/src/common/pico_time/time.c.obj
                0x1000236c                alarm_pool_cancel_alarm
 .text.cancel_alarm
                0x10002414       0x10 CMakeFiles/pico_w_webserver.dir/Users/kkfong/pico/pico-sdk/src/common/pico_time/time.c.obj
 .text.alarm_pool_core_num
                0x10002424        0x4 CMakeFiles/pico_w_webserver.dir/Users/kkfong/pico/pico-sdk/src/common/pico_time/time.c.obj
                0x10002424                alarm_pool_core_num
 .text.sleep_until
                0x10002428       0xb0 CMakeFiles/pico_w_webserver.dir/Users/kkfong/pico/pico-sdk/src/common/pico_time/time.c.obj
                0x10002428                sleep_until
 .text.sleep_us
                0x100024d8       0x1a CMakeFiles/pico_w_webserver.dir/Users/kkfong/pico/pico-sdk/src/common/pico_time/time.c.obj
                0x100024d8                sleep_us
 .text.sleep_ms
                0x100024f2       0x14 CMakeFiles/pico_w_webserver.dir/Users/kkfong/pico/pico-sdk/src/common/pico_time/time.c.obj
                0x100024f2                sleep_ms
 *fill*         0x10002506        0x2 
 .text.best_effort_wfe_or_timeout
                0x10002508       0x44 CMakeFiles/pico_w_webserver.dir/Users/kkfong/pico/pico-sdk/src/common/pico_time/time.c.obj
                0x10002508                best_effort_wfe_or_timeout
 .text.hardware_alarm_irq_handler
                0x1000254c       0x8c CMakeFiles/pico_w_webserver.dir/Users/kkfong/pico/pico-sdk/src/rp2_common/hardware_timer/timer.c.obj
 .text.hardware_alarm_claim
                0x100025d8       0x18 CMakeFiles/pico_w_webserver.dir/Users/kkfong/pico/pico-sdk/src/rp2_common/hardware_timer/timer.c.obj
                0x100025d8                hardware_alarm_claim
 .text.time_us_64
                0x100025f0       0x18 CMakeFiles/pico_w_webserver.dir/Users/kkfong/pico/pico-sdk/src/rp2_common/hardware_timer/timer.c.obj
                0x100025f0                time_us_64
 .text.busy_wait_until
                0x10002608       0x28 CMakeFiles/pico_w_webserver.dir/Users/kkfong/pico/pico-sdk/src/rp2_common/hardware_timer/timer.c.obj
                0x10002608                busy_wait_until
 .text.hardware_alarm_set_callback
                0x10002630       0x90 CMakeFiles/pico_w_webserver.dir/Users/kkfong/pico/pico-sdk/src/rp2_common/hardware_timer/timer.c.obj
                0x10002630                hardware_alarm_set_callback
 .text.hardware_alarm_set_target
                0x100026c0       0xe8 CMakeFiles/pico_w_webserver.dir/Users/kkfong/pico/pico-sdk/src/rp2_common/hardware_timer/timer.c.obj
                0x100026c0                hardware_alarm_set_target
 .text.hardware_alarm_cancel
                0x100027a8       0x40 CMakeFiles/pico_w_webserver.dir/Users/kkfong/pico/pico-sdk/src/rp2_common/hardware_timer/timer.c.obj
                0x100027a8                hardware_alarm_cancel
 .text.ph_get_node
                0x100027e8       0x30 CMakeFiles/pico_w_webserver.dir/Users/kkfong/pico/pico-sdk/src/common/pico_util/pheap.c.obj
 .text.ph_add_child_node
                0x10002818       0x6c CMakeFiles/pico_w_webserver.dir/Users/kkfong/pico/pico-sdk/src/common/pico_util/pheap.c.obj
 .text.ph_merge_nodes
                0x10002884       0x3e CMakeFiles/pico_w_webserver.dir/Users/kkfong/pico/pico-sdk/src/common/pico_util/pheap.c.obj
 .text.ph_clear
                0x100028c2       0x34 CMakeFiles/pico_w_webserver.dir/Users/kkfong/pico/pico-sdk/src/common/pico_util/pheap.c.obj
                0x100028c2                ph_clear
 .text.ph_post_alloc_init
                0x100028f6        0xe CMakeFiles/pico_w_webserver.dir/Users/kkfong/pico/pico-sdk/src/common/pico_util/pheap.c.obj
                0x100028f6                ph_post_alloc_init
 .text.ph_merge_two_pass
                0x10002904       0x5c CMakeFiles/pico_w_webserver.dir/Users/kkfong/pico/pico-sdk/src/common/pico_util/pheap.c.obj
                0x10002904                ph_merge_two_pass
 .text.ph_remove_any_head
                0x10002960       0xc0 CMakeFiles/pico_w_webserver.dir/Users/kkfong/pico/pico-sdk/src/common/pico_util/pheap.c.obj
 .text.ph_remove_head
                0x10002a20       0x14 CMakeFiles/pico_w_webserver.dir/Users/kkfong/pico/pico-sdk/src/common/pico_util/pheap.c.obj
                0x10002a20                ph_remove_head
 .text.ph_remove_and_free_node
                0x10002a34       0xa0 CMakeFiles/pico_w_webserver.dir/Users/kkfong/pico/pico-sdk/src/common/pico_util/pheap.c.obj
                0x10002a34                ph_remove_and_free_node
 .text.pll_init
                0x10002ad4      0x120 CMakeFiles/pico_w_webserver.dir/Users/kkfong/pico/pico-sdk/src/rp2_common/hardware_pll/pll.c.obj
                0x10002ad4                pll_init
 .text.watchdog_start_tick
                0x10002bf4       0x10 CMakeFiles/pico_w_webserver.dir/Users/kkfong/pico/pico-sdk/src/rp2_common/hardware_watchdog/watchdog.c.obj
                0x10002bf4                watchdog_start_tick
 .text.watchdog_update
                0x10002c04       0x14 CMakeFiles/pico_w_webserver.dir/Users/kkfong/pico/pico-sdk/src/rp2_common/hardware_watchdog/watchdog.c.obj
                0x10002c04                watchdog_update
 .text._watchdog_enable
                0x10002c18       0x78 CMakeFiles/pico_w_webserver.dir/Users/kkfong/pico/pico-sdk/src/rp2_common/hardware_watchdog/watchdog.c.obj
                0x10002c18                _watchdog_enable
 .text.watchdog_reboot
                0x10002c90       0x48 CMakeFiles/pico_w_webserver.dir/Users/kkfong/pico/pico-sdk/src/rp2_common/hardware_watchdog/watchdog.c.obj
                0x10002c90                watchdog_reboot
 .text.xosc_init
                0x10002cd8       0x28 CMakeFiles/pico_w_webserver.dir/Users/kkfong/pico/pico-sdk/src/rp2_common/hardware_xosc/xosc.c.obj
                0x10002cd8                xosc_init
 .text.lwip_init
                0x10002d00       0x24 CMakeFiles/pico_w_webserver.dir/Users/kkfong/pico/pico-sdk/lib/lwip/src/core/init.c.obj
                0x10002d00                lwip_init
 .text.lwip_htons
                0x10002d24        0xa CMakeFiles/pico_w_webserver.dir/Users/kkfong/pico/pico-sdk/lib/lwip/src/core/def.c.obj
                0x10002d24                lwip_htons
 .text.lwip_htonl
                0x10002d2e       0x1e CMakeFiles/pico_w_webserver.dir/Users/kkfong/pico/pico-sdk/lib/lwip/src/core/def.c.obj
                0x10002d2e                lwip_htonl
 .text.lwip_strnstr
                0x10002d4c       0x58 CMakeFiles/pico_w_webserver.dir/Users/kkfong/pico/pico-sdk/lib/lwip/src/core/def.c.obj
                0x10002d4c                lwip_strnstr
 .text.lwip_stricmp
                0x10002da4       0x3a CMakeFiles/pico_w_webserver.dir/Users/kkfong/pico/pico-sdk/lib/lwip/src/core/def.c.obj
                0x10002da4                lwip_stricmp
 *fill*         0x10002dde        0x2 
 .text.dns_backupserver_available
                0x10002de0       0x28 CMakeFiles/pico_w_webserver.dir/Users/kkfong/pico/pico-sdk/lib/lwip/src/core/dns.c.obj
 .text.dns_create_txid
                0x10002e08       0x3c CMakeFiles/pico_w_webserver.dir/Users/kkfong/pico/pico-sdk/lib/lwip/src/core/dns.c.obj
 .text.dns_call_found
                0x10002e44       0xf4 CMakeFiles/pico_w_webserver.dir/Users/kkfong/pico/pico-sdk/lib/lwip/src/core/dns.c.obj
 .text.dns_send
                0x10002f38      0x17c CMakeFiles/pico_w_webserver.dir/Users/kkfong/pico/pico-sdk/lib/lwip/src/core/dns.c.obj
 .text.dns_check_entry
                0x100030b4      0x11c CMakeFiles/pico_w_webserver.dir/Users/kkfong/pico/pico-sdk/lib/lwip/src/core/dns.c.obj
 .text.dns_check_entries
                0x100031d0       0x16 CMakeFiles/pico_w_webserver.dir/Users/kkfong/pico/pico-sdk/lib/lwip/src/core/dns.c.obj
 .text.dns_init
                0x100031e6        0x2 CMakeFiles/pico_w_webserver.dir/Users/kkfong/pico/pico-sdk/lib/lwip/src/core/dns.c.obj
                0x100031e6                dns_init
 .text.dns_setserver
                0x100031e8       0x28 CMakeFiles/pico_w_webserver.dir/Users/kkfong/pico/pico-sdk/lib/lwip/src/core/dns.c.obj
                0x100031e8                dns_setserver
 .text.dns_tmr  0x10003210        0x8 CMakeFiles/pico_w_webserver.dir/Users/kkfong/pico/pico-sdk/lib/lwip/src/core/dns.c.obj
                0x10003210                dns_tmr
 .text.lwip_standard_chksum
                0x10003218       0xa0 CMakeFiles/pico_w_webserver.dir/Users/kkfong/pico/pico-sdk/lib/lwip/src/core/inet_chksum.c.obj
                0x10003218                lwip_standard_chksum
 .text.inet_cksum_pseudo_base
                0x100032b8       0x82 CMakeFiles/pico_w_webserver.dir/Users/kkfong/pico/pico-sdk/lib/lwip/src/core/inet_chksum.c.obj
 .text.inet_chksum_pseudo
                0x1000333a       0x30 CMakeFiles/pico_w_webserver.dir/Users/kkfong/pico/pico-sdk/lib/lwip/src/core/inet_chksum.c.obj
                0x1000333a                inet_chksum_pseudo
 .text.ip_chksum_pseudo
                0x1000336a       0x10 CMakeFiles/pico_w_webserver.dir/Users/kkfong/pico/pico-sdk/lib/lwip/src/core/inet_chksum.c.obj
                0x1000336a                ip_chksum_pseudo
 .text.inet_chksum
                0x1000337a        0xc CMakeFiles/pico_w_webserver.dir/Users/kkfong/pico/pico-sdk/lib/lwip/src/core/inet_chksum.c.obj
                0x1000337a                inet_chksum
 .text.inet_chksum_pbuf
                0x10003386       0x52 CMakeFiles/pico_w_webserver.dir/Users/kkfong/pico/pico-sdk/lib/lwip/src/core/inet_chksum.c.obj
                0x10003386                inet_chksum_pbuf
 .text.ptr_to_mem
                0x100033d8        0xc CMakeFiles/pico_w_webserver.dir/Users/kkfong/pico/pico-sdk/lib/lwip/src/core/mem.c.obj
 .text.mem_to_ptr
                0x100033e4       0x10 CMakeFiles/pico_w_webserver.dir/Users/kkfong/pico/pico-sdk/lib/lwip/src/core/mem.c.obj
 .text.mem_link_valid
                0x100033f4       0x5c CMakeFiles/pico_w_webserver.dir/Users/kkfong/pico/pico-sdk/lib/lwip/src/core/mem.c.obj
 .text.plug_holes
                0x10003450       0xd0 CMakeFiles/pico_w_webserver.dir/Users/kkfong/pico/pico-sdk/lib/lwip/src/core/mem.c.obj
 .text.mem_init
                0x10003520       0x40 CMakeFiles/pico_w_webserver.dir/Users/kkfong/pico/pico-sdk/lib/lwip/src/core/mem.c.obj
                0x10003520                mem_init
 .text.mem_free
                0x10003560       0x84 CMakeFiles/pico_w_webserver.dir/Users/kkfong/pico/pico-sdk/lib/lwip/src/core/mem.c.obj
                0x10003560                mem_free
 .text.mem_trim
                0x100035e4      0x134 CMakeFiles/pico_w_webserver.dir/Users/kkfong/pico/pico-sdk/lib/lwip/src/core/mem.c.obj
                0x100035e4                mem_trim
 .text.mem_malloc
                0x10003718      0x134 CMakeFiles/pico_w_webserver.dir/Users/kkfong/pico/pico-sdk/lib/lwip/src/core/mem.c.obj
                0x10003718                mem_malloc
 .text.do_memp_malloc_pool
                0x1000384c       0x30 CMakeFiles/pico_w_webserver.dir/Users/kkfong/pico/pico-sdk/lib/lwip/src/core/memp.c.obj
 .text.do_memp_free_pool
                0x1000387c       0x28 CMakeFiles/pico_w_webserver.dir/Users/kkfong/pico/pico-sdk/lib/lwip/src/core/memp.c.obj
 .text.memp_init_pool
                0x100038a4       0x2a CMakeFiles/pico_w_webserver.dir/Users/kkfong/pico/pico-sdk/lib/lwip/src/core/memp.c.obj
                0x100038a4                memp_init_pool
 *fill*         0x100038ce        0x2 
 .text.memp_init
                0x100038d0       0x20 CMakeFiles/pico_w_webserver.dir/Users/kkfong/pico/pico-sdk/lib/lwip/src/core/memp.c.obj
                0x100038d0                memp_init
 .text.memp_malloc
                0x100038f0       0x24 CMakeFiles/pico_w_webserver.dir/Users/kkfong/pico/pico-sdk/lib/lwip/src/core/memp.c.obj
                0x100038f0                memp_malloc
 .text.memp_free
                0x10003914       0x28 CMakeFiles/pico_w_webserver.dir/Users/kkfong/pico/pico-sdk/lib/lwip/src/core/memp.c.obj
                0x10003914                memp_free
 .text.netif_do_set_netmask
                0x1000393c       0x12 CMakeFiles/pico_w_webserver.dir/Users/kkfong/pico/pico-sdk/lib/lwip/src/core/netif.c.obj
 .text.netif_do_set_gw
                0x1000394e       0x12 CMakeFiles/pico_w_webserver.dir/Users/kkfong/pico/pico-sdk/lib/lwip/src/core/netif.c.obj
 .text.netif_null_output_ip4
                0x10003960        0x6 CMakeFiles/pico_w_webserver.dir/Users/kkfong/pico/pico-sdk/lib/lwip/src/core/netif.c.obj
 .text.netif_do_ip_addr_changed
                0x10003966       0x1c CMakeFiles/pico_w_webserver.dir/Users/kkfong/pico/pico-sdk/lib/lwip/src/core/netif.c.obj
 *fill*         0x10003982        0x2 
 .text.netif_issue_reports
                0x10003984       0x34 CMakeFiles/pico_w_webserver.dir/Users/kkfong/pico/pico-sdk/lib/lwip/src/core/netif.c.obj
 .text.netif_do_set_ipaddr
                0x100039b8       0x54 CMakeFiles/pico_w_webserver.dir/Users/kkfong/pico/pico-sdk/lib/lwip/src/core/netif.c.obj
 .text.netif_init
                0x10003a0c        0x2 CMakeFiles/pico_w_webserver.dir/Users/kkfong/pico/pico-sdk/lib/lwip/src/core/netif.c.obj
                0x10003a0c                netif_init
 *fill*         0x10003a0e        0x2 
 .text.netif_set_addr
                0x10003a10       0x78 CMakeFiles/pico_w_webserver.dir/Users/kkfong/pico/pico-sdk/lib/lwip/src/core/netif.c.obj
                0x10003a10                netif_set_addr
 .text.netif_add
                0x10003a88      0x124 CMakeFiles/pico_w_webserver.dir/Users/kkfong/pico/pico-sdk/lib/lwip/src/core/netif.c.obj
                0x10003a88                netif_add
 .text.netif_set_default
                0x10003bac        0xc CMakeFiles/pico_w_webserver.dir/Users/kkfong/pico/pico-sdk/lib/lwip/src/core/netif.c.obj
                0x10003bac                netif_set_default
 .text.netif_set_up
                0x10003bb8       0x34 CMakeFiles/pico_w_webserver.dir/Users/kkfong/pico/pico-sdk/lib/lwip/src/core/netif.c.obj
                0x10003bb8                netif_set_up
 .text.netif_set_down
                0x10003bec       0x3c CMakeFiles/pico_w_webserver.dir/Users/kkfong/pico/pico-sdk/lib/lwip/src/core/netif.c.obj
                0x10003bec                netif_set_down
 .text.netif_remove
                0x10003c28       0x64 CMakeFiles/pico_w_webserver.dir/Users/kkfong/pico/pico-sdk/lib/lwip/src/core/netif.c.obj
                0x10003c28                netif_remove
 .text.netif_set_link_up
                0x10003c8c       0x3c CMakeFiles/pico_w_webserver.dir/Users/kkfong/pico/pico-sdk/lib/lwip/src/core/netif.c.obj
                0x10003c8c                netif_set_link_up
 .text.netif_set_link_down
                0x10003cc8       0x2c CMakeFiles/pico_w_webserver.dir/Users/kkfong/pico/pico-sdk/lib/lwip/src/core/netif.c.obj
                0x10003cc8                netif_set_link_down
 .text.netif_get_by_index
                0x10003cf4       0x24 CMakeFiles/pico_w_webserver.dir/Users/kkfong/pico/pico-sdk/lib/lwip/src/core/netif.c.obj
                0x10003cf4                netif_get_by_index
 .text.pbuf_init_alloced_pbuf
                0x10003d18       0x20 CMakeFiles/pico_w_webserver.dir/Users/kkfong/pico/pico-sdk/lib/lwip/src/core/pbuf.c.obj
 .text.pbuf_skip_const
                0x10003d38       0x1a CMakeFiles/pico_w_webserver.dir/Users/kkfong/pico/pico-sdk/lib/lwip/src/core/pbuf.c.obj
 *fill*         0x10003d52        0x2 
 .text.pbuf_pool_is_empty
                0x10003d54       0x18 CMakeFiles/pico_w_webserver.dir/Users/kkfong/pico/pico-sdk/lib/lwip/src/core/pbuf.c.obj
 .text.pbuf_add_header_impl
                0x10003d6c       0x68 CMakeFiles/pico_w_webserver.dir/Users/kkfong/pico/pico-sdk/lib/lwip/src/core/pbuf.c.obj
 .text.pbuf_free_ooseq
                0x10003dd4       0x30 CMakeFiles/pico_w_webserver.dir/Users/kkfong/pico/pico-sdk/lib/lwip/src/core/pbuf.c.obj
                0x10003dd4                pbuf_free_ooseq
 .text.pbuf_alloc_reference
                0x10003e04       0x3c CMakeFiles/pico_w_webserver.dir/Users/kkfong/pico/pico-sdk/lib/lwip/src/core/pbuf.c.obj
                0x10003e04                pbuf_alloc_reference
 .text.pbuf_add_header
                0x10003e40        0xa CMakeFiles/pico_w_webserver.dir/Users/kkfong/pico/pico-sdk/lib/lwip/src/core/pbuf.c.obj
                0x10003e40                pbuf_add_header
 *fill*         0x10003e4a        0x2 
 .text.pbuf_remove_header
                0x10003e4c       0x50 CMakeFiles/pico_w_webserver.dir/Users/kkfong/pico/pico-sdk/lib/lwip/src/core/pbuf.c.obj
                0x10003e4c                pbuf_remove_header
 .text.pbuf_header_impl
                0x10003e9c       0x14 CMakeFiles/pico_w_webserver.dir/Users/kkfong/pico/pico-sdk/lib/lwip/src/core/pbuf.c.obj
 .text.pbuf_header_force
                0x10003eb0        0xa CMakeFiles/pico_w_webserver.dir/Users/kkfong/pico/pico-sdk/lib/lwip/src/core/pbuf.c.obj
                0x10003eb0                pbuf_header_force
 *fill*         0x10003eba        0x2 
 .text.pbuf_free
                0x10003ebc       0x7c CMakeFiles/pico_w_webserver.dir/Users/kkfong/pico/pico-sdk/lib/lwip/src/core/pbuf.c.obj
                0x10003ebc                pbuf_free
 .text.pbuf_alloc
                0x10003f38      0x144 CMakeFiles/pico_w_webserver.dir/Users/kkfong/pico/pico-sdk/lib/lwip/src/core/pbuf.c.obj
                0x10003f38                pbuf_alloc
 .text.pbuf_realloc
                0x1000407c       0x84 CMakeFiles/pico_w_webserver.dir/Users/kkfong/pico/pico-sdk/lib/lwip/src/core/pbuf.c.obj
                0x1000407c                pbuf_realloc
 .text.pbuf_clen
                0x10004100       0x12 CMakeFiles/pico_w_webserver.dir/Users/kkfong/pico/pico-sdk/lib/lwip/src/core/pbuf.c.obj
                0x10004100                pbuf_clen
 *fill*         0x10004112        0x2 
 .text.pbuf_ref
                0x10004114       0x28 CMakeFiles/pico_w_webserver.dir/Users/kkfong/pico/pico-sdk/lib/lwip/src/core/pbuf.c.obj
                0x10004114                pbuf_ref
 .text.pbuf_cat
                0x1000413c       0x44 CMakeFiles/pico_w_webserver.dir/Users/kkfong/pico/pico-sdk/lib/lwip/src/core/pbuf.c.obj
                0x1000413c                pbuf_cat
 .text.pbuf_chain
                0x10004180       0x10 CMakeFiles/pico_w_webserver.dir/Users/kkfong/pico/pico-sdk/lib/lwip/src/core/pbuf.c.obj
                0x10004180                pbuf_chain
 .text.pbuf_copy_partial_pbuf
                0x10004190      0x13c CMakeFiles/pico_w_webserver.dir/Users/kkfong/pico/pico-sdk/lib/lwip/src/core/pbuf.c.obj
                0x10004190                pbuf_copy_partial_pbuf
 .text.pbuf_copy
                0x100042cc       0x20 CMakeFiles/pico_w_webserver.dir/Users/kkfong/pico/pico-sdk/lib/lwip/src/core/pbuf.c.obj
                0x100042cc                pbuf_copy
 .text.pbuf_copy_partial
                0x100042ec       0x88 CMakeFiles/pico_w_webserver.dir/Users/kkfong/pico/pico-sdk/lib/lwip/src/core/pbuf.c.obj
                0x100042ec                pbuf_copy_partial
 .text.pbuf_skip
                0x10004374        0x8 CMakeFiles/pico_w_webserver.dir/Users/kkfong/pico/pico-sdk/lib/lwip/src/core/pbuf.c.obj
                0x10004374                pbuf_skip
 .text.pbuf_take
                0x1000437c       0x98 CMakeFiles/pico_w_webserver.dir/Users/kkfong/pico/pico-sdk/lib/lwip/src/core/pbuf.c.obj
                0x1000437c                pbuf_take
 .text.pbuf_take_at
                0x10004414       0x70 CMakeFiles/pico_w_webserver.dir/Users/kkfong/pico/pico-sdk/lib/lwip/src/core/pbuf.c.obj
                0x10004414                pbuf_take_at
 .text.pbuf_clone
                0x10004484       0x2c CMakeFiles/pico_w_webserver.dir/Users/kkfong/pico/pico-sdk/lib/lwip/src/core/pbuf.c.obj
                0x10004484                pbuf_clone
 .text.pbuf_put_at
                0x100044b0       0x26 CMakeFiles/pico_w_webserver.dir/Users/kkfong/pico/pico-sdk/lib/lwip/src/core/pbuf.c.obj
                0x100044b0                pbuf_put_at
 *fill*         0x100044d6        0x2 
 .text.raw_input_local_match
                0x100044d8       0x5c CMakeFiles/pico_w_webserver.dir/Users/kkfong/pico/pico-sdk/lib/lwip/src/core/raw.c.obj
 .text.raw_input
                0x10004534       0xb4 CMakeFiles/pico_w_webserver.dir/Users/kkfong/pico/pico-sdk/lib/lwip/src/core/raw.c.obj
                0x10004534                raw_input
 .text.raw_netif_ip_addr_changed
                0x100045e8       0x38 CMakeFiles/pico_w_webserver.dir/Users/kkfong/pico/pico-sdk/lib/lwip/src/core/raw.c.obj
                0x100045e8                raw_netif_ip_addr_changed
 .text.stats_init
                0x10004620        0x2 CMakeFiles/pico_w_webserver.dir/Users/kkfong/pico/pico-sdk/lib/lwip/src/core/stats.c.obj
                0x10004620                stats_init
 *fill*         0x10004622        0x2 
 .text.tcp_new_port
                0x10004624       0x6c CMakeFiles/pico_w_webserver.dir/Users/kkfong/pico/pico-sdk/lib/lwip/src/core/tcp.c.obj
 .text.tcp_remove_listener
                0x10004690       0x24 CMakeFiles/pico_w_webserver.dir/Users/kkfong/pico/pico-sdk/lib/lwip/src/core/tcp.c.obj
 .text.tcp_listen_closed
                0x100046b4       0x40 CMakeFiles/pico_w_webserver.dir/Users/kkfong/pico/pico-sdk/lib/lwip/src/core/tcp.c.obj
 .text.tcp_free_listen
                0x100046f4       0x1c CMakeFiles/pico_w_webserver.dir/Users/kkfong/pico/pico-sdk/lib/lwip/src/core/tcp.c.obj
 .text.tcp_close_shutdown_fin
                0x10004710       0x64 CMakeFiles/pico_w_webserver.dir/Users/kkfong/pico/pico-sdk/lib/lwip/src/core/tcp.c.obj
 .text.tcp_handle_closepend
                0x10004774       0x28 CMakeFiles/pico_w_webserver.dir/Users/kkfong/pico/pico-sdk/lib/lwip/src/core/tcp.c.obj
 .text.tcp_init
                0x1000479c       0x20 CMakeFiles/pico_w_webserver.dir/Users/kkfong/pico/pico-sdk/lib/lwip/src/core/tcp.c.obj
                0x1000479c                tcp_init
 .text.tcp_free
                0x100047bc       0x1c CMakeFiles/pico_w_webserver.dir/Users/kkfong/pico/pico-sdk/lib/lwip/src/core/tcp.c.obj
                0x100047bc                tcp_free
 .text.tcp_bind
                0x100047d8       0xc0 CMakeFiles/pico_w_webserver.dir/Users/kkfong/pico/pico-sdk/lib/lwip/src/core/tcp.c.obj
                0x100047d8                tcp_bind
 .text.tcp_listen_with_backlog_and_err
                0x10004898       0xd0 CMakeFiles/pico_w_webserver.dir/Users/kkfong/pico/pico-sdk/lib/lwip/src/core/tcp.c.obj
                0x10004898                tcp_listen_with_backlog_and_err
 .text.tcp_listen_with_backlog
                0x10004968        0xa CMakeFiles/pico_w_webserver.dir/Users/kkfong/pico/pico-sdk/lib/lwip/src/core/tcp.c.obj
                0x10004968                tcp_listen_with_backlog
 *fill*         0x10004972        0x2 
 .text.tcp_update_rcv_ann_wnd
                0x10004974       0x58 CMakeFiles/pico_w_webserver.dir/Users/kkfong/pico/pico-sdk/lib/lwip/src/core/tcp.c.obj
                0x10004974                tcp_update_rcv_ann_wnd
 .text.tcp_recved
                0x100049cc       0x60 CMakeFiles/pico_w_webserver.dir/Users/kkfong/pico/pico-sdk/lib/lwip/src/core/tcp.c.obj
                0x100049cc                tcp_recved
 .text.tcp_seg_free
                0x10004a2c       0x1a CMakeFiles/pico_w_webserver.dir/Users/kkfong/pico/pico-sdk/lib/lwip/src/core/tcp.c.obj
                0x10004a2c                tcp_seg_free
 .text.tcp_segs_free
                0x10004a46       0x12 CMakeFiles/pico_w_webserver.dir/Users/kkfong/pico/pico-sdk/lib/lwip/src/core/tcp.c.obj
                0x10004a46                tcp_segs_free
 .text.tcp_setprio
                0x10004a58       0x18 CMakeFiles/pico_w_webserver.dir/Users/kkfong/pico/pico-sdk/lib/lwip/src/core/tcp.c.obj
                0x10004a58                tcp_setprio
 .text.tcp_seg_copy
                0x10004a70       0x2c CMakeFiles/pico_w_webserver.dir/Users/kkfong/pico/pico-sdk/lib/lwip/src/core/tcp.c.obj
                0x10004a70                tcp_seg_copy
 .text.tcp_arg  0x10004a9c        0x8 CMakeFiles/pico_w_webserver.dir/Users/kkfong/pico/pico-sdk/lib/lwip/src/core/tcp.c.obj
                0x10004a9c                tcp_arg
 .text.tcp_recv
                0x10004aa4       0x1c CMakeFiles/pico_w_webserver.dir/Users/kkfong/pico/pico-sdk/lib/lwip/src/core/tcp.c.obj
                0x10004aa4                tcp_recv
 .text.tcp_sent
                0x10004ac0       0x1c CMakeFiles/pico_w_webserver.dir/Users/kkfong/pico/pico-sdk/lib/lwip/src/core/tcp.c.obj
                0x10004ac0                tcp_sent
 .text.tcp_err  0x10004adc       0x1c CMakeFiles/pico_w_webserver.dir/Users/kkfong/pico/pico-sdk/lib/lwip/src/core/tcp.c.obj
                0x10004adc                tcp_err
 .text.tcp_accept
                0x10004af8       0x10 CMakeFiles/pico_w_webserver.dir/Users/kkfong/pico/pico-sdk/lib/lwip/src/core/tcp.c.obj
                0x10004af8                tcp_accept
 .text.tcp_poll
                0x10004b08       0x2c CMakeFiles/pico_w_webserver.dir/Users/kkfong/pico/pico-sdk/lib/lwip/src/core/tcp.c.obj
                0x10004b08                tcp_poll
 .text.tcp_next_iss
                0x10004b34       0x28 CMakeFiles/pico_w_webserver.dir/Users/kkfong/pico/pico-sdk/lib/lwip/src/core/tcp.c.obj
                0x10004b34                tcp_next_iss
 .text.tcp_eff_send_mss_netif
                0x10004b5c       0x34 CMakeFiles/pico_w_webserver.dir/Users/kkfong/pico/pico-sdk/lib/lwip/src/core/tcp.c.obj
                0x10004b5c                tcp_eff_send_mss_netif
 .text.tcp_free_ooseq
                0x10004b90       0x14 CMakeFiles/pico_w_webserver.dir/Users/kkfong/pico/pico-sdk/lib/lwip/src/core/tcp.c.obj
                0x10004b90                tcp_free_ooseq
 .text.tcp_pcb_purge
                0x10004ba4       0x58 CMakeFiles/pico_w_webserver.dir/Users/kkfong/pico/pico-sdk/lib/lwip/src/core/tcp.c.obj
                0x10004ba4                tcp_pcb_purge
 .text.tcp_pcb_remove
                0x10004bfc       0xa4 CMakeFiles/pico_w_webserver.dir/Users/kkfong/pico/pico-sdk/lib/lwip/src/core/tcp.c.obj
                0x10004bfc                tcp_pcb_remove
 .text.tcp_abandon
                0x10004ca0      0x10c CMakeFiles/pico_w_webserver.dir/Users/kkfong/pico/pico-sdk/lib/lwip/src/core/tcp.c.obj
                0x10004ca0                tcp_abandon
 .text.tcp_abort
                0x10004dac        0xa CMakeFiles/pico_w_webserver.dir/Users/kkfong/pico/pico-sdk/lib/lwip/src/core/tcp.c.obj
                0x10004dac                tcp_abort
 *fill*         0x10004db6        0x2 
 .text.tcp_accept_null
                0x10004db8       0x1c CMakeFiles/pico_w_webserver.dir/Users/kkfong/pico/pico-sdk/lib/lwip/src/core/tcp.c.obj
 .text.tcp_kill_timewait
                0x10004dd4       0x38 CMakeFiles/pico_w_webserver.dir/Users/kkfong/pico/pico-sdk/lib/lwip/src/core/tcp.c.obj
 .text.tcp_kill_prio
                0x10004e0c       0x58 CMakeFiles/pico_w_webserver.dir/Users/kkfong/pico/pico-sdk/lib/lwip/src/core/tcp.c.obj
 .text.tcp_netif_ip_addr_changed_pcblist
                0x10004e64       0x30 CMakeFiles/pico_w_webserver.dir/Users/kkfong/pico/pico-sdk/lib/lwip/src/core/tcp.c.obj
 .text.tcp_netif_ip_addr_changed
                0x10004e94       0x54 CMakeFiles/pico_w_webserver.dir/Users/kkfong/pico/pico-sdk/lib/lwip/src/core/tcp.c.obj
                0x10004e94                tcp_netif_ip_addr_changed
 .text.tcp_kill_state
                0x10004ee8       0x54 CMakeFiles/pico_w_webserver.dir/Users/kkfong/pico/pico-sdk/lib/lwip/src/core/tcp.c.obj
 .text.tcp_alloc
                0x10004f3c       0xc8 CMakeFiles/pico_w_webserver.dir/Users/kkfong/pico/pico-sdk/lib/lwip/src/core/tcp.c.obj
                0x10004f3c                tcp_alloc
 .text.tcp_new_ip_type
                0x10005004        0xa CMakeFiles/pico_w_webserver.dir/Users/kkfong/pico/pico-sdk/lib/lwip/src/core/tcp.c.obj
                0x10005004                tcp_new_ip_type
 *fill*         0x1000500e        0x2 
 .text.tcp_close_shutdown
                0x10005010      0x13c CMakeFiles/pico_w_webserver.dir/Users/kkfong/pico/pico-sdk/lib/lwip/src/core/tcp.c.obj
 .text.tcp_close
                0x1000514c       0x2c CMakeFiles/pico_w_webserver.dir/Users/kkfong/pico/pico-sdk/lib/lwip/src/core/tcp.c.obj
                0x1000514c                tcp_close
 .text.tcp_recv_null
                0x10005178       0x3c CMakeFiles/pico_w_webserver.dir/Users/kkfong/pico/pico-sdk/lib/lwip/src/core/tcp.c.obj
                0x10005178                tcp_recv_null
 .text.tcp_process_refused_data
                0x100051b4       0x88 CMakeFiles/pico_w_webserver.dir/Users/kkfong/pico/pico-sdk/lib/lwip/src/core/tcp.c.obj
                0x100051b4                tcp_process_refused_data
 .text.tcp_fasttmr
                0x1000523c       0x80 CMakeFiles/pico_w_webserver.dir/Users/kkfong/pico/pico-sdk/lib/lwip/src/core/tcp.c.obj
                0x1000523c                tcp_fasttmr
 .text.tcp_slowtmr
                0x100052bc      0x44c CMakeFiles/pico_w_webserver.dir/Users/kkfong/pico/pico-sdk/lib/lwip/src/core/tcp.c.obj
                0x100052bc                tcp_slowtmr
 .text.tcp_tmr  0x10005708       0x20 CMakeFiles/pico_w_webserver.dir/Users/kkfong/pico/pico-sdk/lib/lwip/src/core/tcp.c.obj
                0x10005708                tcp_tmr
 .text.tcp_get_next_optbyte
                0x10005728       0x40 CMakeFiles/pico_w_webserver.dir/Users/kkfong/pico/pico-sdk/lib/lwip/src/core/tcp_in.c.obj
 .text.tcp_parseopt
                0x10005768       0x98 CMakeFiles/pico_w_webserver.dir/Users/kkfong/pico/pico-sdk/lib/lwip/src/core/tcp_in.c.obj
 .text.tcp_input_delayed_close
                0x10005800       0x4c CMakeFiles/pico_w_webserver.dir/Users/kkfong/pico/pico-sdk/lib/lwip/src/core/tcp_in.c.obj
 .text.tcp_timewait_input
                0x1000584c       0xa0 CMakeFiles/pico_w_webserver.dir/Users/kkfong/pico/pico-sdk/lib/lwip/src/core/tcp_in.c.obj
 .text.tcp_listen_input
                0x100058ec      0x15c CMakeFiles/pico_w_webserver.dir/Users/kkfong/pico/pico-sdk/lib/lwip/src/core/tcp_in.c.obj
 .text.tcp_free_acked_segments
                0x10005a48       0xc0 CMakeFiles/pico_w_webserver.dir/Users/kkfong/pico/pico-sdk/lib/lwip/src/core/tcp_in.c.obj
 .text.tcp_oos_insert_segment
                0x10005b08       0xd4 CMakeFiles/pico_w_webserver.dir/Users/kkfong/pico/pico-sdk/lib/lwip/src/core/tcp_in.c.obj
 .text.tcp_receive
                0x10005bdc      0x9c8 CMakeFiles/pico_w_webserver.dir/Users/kkfong/pico/pico-sdk/lib/lwip/src/core/tcp_in.c.obj
 .text.tcp_process
                0x100065a4      0x55c CMakeFiles/pico_w_webserver.dir/Users/kkfong/pico/pico-sdk/lib/lwip/src/core/tcp_in.c.obj
 .text.tcp_input
                0x10006b00      0x660 CMakeFiles/pico_w_webserver.dir/Users/kkfong/pico/pico-sdk/lib/lwip/src/core/tcp_in.c.obj
                0x10006b00                tcp_input
 .text.tcp_trigger_input_pcb_close
                0x10007160       0x10 CMakeFiles/pico_w_webserver.dir/Users/kkfong/pico/pico-sdk/lib/lwip/src/core/tcp_in.c.obj
                0x10007160                tcp_trigger_input_pcb_close
 .text.tcp_write_checks
                0x10007170       0xa8 CMakeFiles/pico_w_webserver.dir/Users/kkfong/pico/pico-sdk/lib/lwip/src/core/tcp_out.c.obj
 .text.tcp_output_segment_busy
                0x10007218       0x20 CMakeFiles/pico_w_webserver.dir/Users/kkfong/pico/pico-sdk/lib/lwip/src/core/tcp_out.c.obj
 .text.tcp_output_fill_options
                0x10007238       0x30 CMakeFiles/pico_w_webserver.dir/Users/kkfong/pico/pico-sdk/lib/lwip/src/core/tcp_out.c.obj
 .text.tcp_pbuf_prealloc
                0x10007268       0x4c CMakeFiles/pico_w_webserver.dir/Users/kkfong/pico/pico-sdk/lib/lwip/src/core/tcp_out.c.obj
 .text.tcp_create_segment
                0x100072b4       0xf4 CMakeFiles/pico_w_webserver.dir/Users/kkfong/pico/pico-sdk/lib/lwip/src/core/tcp_out.c.obj
 .text.tcp_output_alloc_header_common
                0x100073a8       0xd0 CMakeFiles/pico_w_webserver.dir/Users/kkfong/pico/pico-sdk/lib/lwip/src/core/tcp_out.c.obj
 .text.tcp_output_alloc_header
                0x10007478       0x38 CMakeFiles/pico_w_webserver.dir/Users/kkfong/pico/pico-sdk/lib/lwip/src/core/tcp_out.c.obj
 .text.tcp_rst_common
                0x100074b0       0x68 CMakeFiles/pico_w_webserver.dir/Users/kkfong/pico/pico-sdk/lib/lwip/src/core/tcp_out.c.obj
 .text.tcp_route
                0x10007518       0x1a CMakeFiles/pico_w_webserver.dir/Users/kkfong/pico/pico-sdk/lib/lwip/src/core/tcp_out.c.obj
 *fill*         0x10007532        0x2 
 .text.tcp_output_segment
                0x10007534      0x164 CMakeFiles/pico_w_webserver.dir/Users/kkfong/pico/pico-sdk/lib/lwip/src/core/tcp_out.c.obj
 .text.tcp_output_control_segment_netif
                0x10007698       0x84 CMakeFiles/pico_w_webserver.dir/Users/kkfong/pico/pico-sdk/lib/lwip/src/core/tcp_out.c.obj
 .text.tcp_output_control_segment
                0x1000771c       0x44 CMakeFiles/pico_w_webserver.dir/Users/kkfong/pico/pico-sdk/lib/lwip/src/core/tcp_out.c.obj
 .text.tcp_write
                0x10007760      0x354 CMakeFiles/pico_w_webserver.dir/Users/kkfong/pico/pico-sdk/lib/lwip/src/core/tcp_out.c.obj
                0x10007760                tcp_write
 .text.tcp_split_unsent_seg
                0x10007ab4      0x1f4 CMakeFiles/pico_w_webserver.dir/Users/kkfong/pico/pico-sdk/lib/lwip/src/core/tcp_out.c.obj
                0x10007ab4                tcp_split_unsent_seg
 .text.tcp_enqueue_flags
                0x10007ca8      0x11c CMakeFiles/pico_w_webserver.dir/Users/kkfong/pico/pico-sdk/lib/lwip/src/core/tcp_out.c.obj
                0x10007ca8                tcp_enqueue_flags
 .text.tcp_send_fin
                0x10007dc4       0x68 CMakeFiles/pico_w_webserver.dir/Users/kkfong/pico/pico-sdk/lib/lwip/src/core/tcp_out.c.obj
                0x10007dc4                tcp_send_fin
 .text.tcp_rexmit_rto_prepare
                0x10007e2c       0xac CMakeFiles/pico_w_webserver.dir/Users/kkfong/pico/pico-sdk/lib/lwip/src/core/tcp_out.c.obj
                0x10007e2c                tcp_rexmit_rto_prepare
 .text.tcp_rexmit
                0x10007ed8       0xa4 CMakeFiles/pico_w_webserver.dir/Users/kkfong/pico/pico-sdk/lib/lwip/src/core/tcp_out.c.obj
                0x10007ed8                tcp_rexmit
 .text.tcp_rexmit_fast
                0x10007f7c       0x68 CMakeFiles/pico_w_webserver.dir/Users/kkfong/pico/pico-sdk/lib/lwip/src/core/tcp_out.c.obj
                0x10007f7c                tcp_rexmit_fast
 .text.tcp_rst  0x10007fe4       0x32 CMakeFiles/pico_w_webserver.dir/Users/kkfong/pico/pico-sdk/lib/lwip/src/core/tcp_out.c.obj
                0x10007fe4                tcp_rst
 .text.tcp_rst_netif
                0x10008016       0x38 CMakeFiles/pico_w_webserver.dir/Users/kkfong/pico/pico-sdk/lib/lwip/src/core/tcp_out.c.obj
                0x10008016                tcp_rst_netif
 *fill*         0x1000804e        0x2 
 .text.tcp_send_empty_ack
                0x10008050       0x64 CMakeFiles/pico_w_webserver.dir/Users/kkfong/pico/pico-sdk/lib/lwip/src/core/tcp_out.c.obj
                0x10008050                tcp_send_empty_ack
 .text.tcp_output
                0x100080b4      0x32c CMakeFiles/pico_w_webserver.dir/Users/kkfong/pico/pico-sdk/lib/lwip/src/core/tcp_out.c.obj
                0x100080b4                tcp_output
 .text.tcp_rexmit_rto_commit
                0x100083e0       0x24 CMakeFiles/pico_w_webserver.dir/Users/kkfong/pico/pico-sdk/lib/lwip/src/core/tcp_out.c.obj
                0x100083e0                tcp_rexmit_rto_commit
 .text.tcp_rexmit_rto
                0x10008404       0x24 CMakeFiles/pico_w_webserver.dir/Users/kkfong/pico/pico-sdk/lib/lwip/src/core/tcp_out.c.obj
                0x10008404                tcp_rexmit_rto
 .text.tcp_keepalive
                0x10008428       0x48 CMakeFiles/pico_w_webserver.dir/Users/kkfong/pico/pico-sdk/lib/lwip/src/core/tcp_out.c.obj
                0x10008428                tcp_keepalive
 .text.tcp_zero_window_probe
                0x10008470      0x10c CMakeFiles/pico_w_webserver.dir/Users/kkfong/pico/pico-sdk/lib/lwip/src/core/tcp_out.c.obj
                0x10008470                tcp_zero_window_probe
 .text.sys_timeout_abs
                0x1000857c       0x60 CMakeFiles/pico_w_webserver.dir/Users/kkfong/pico/pico-sdk/lib/lwip/src/core/timeouts.c.obj
 .text.lwip_cyclic_timer
                0x100085dc       0x38 CMakeFiles/pico_w_webserver.dir/Users/kkfong/pico/pico-sdk/lib/lwip/src/core/timeouts.c.obj
 .text.sys_timeout
                0x10008614       0x2c CMakeFiles/pico_w_webserver.dir/Users/kkfong/pico/pico-sdk/lib/lwip/src/core/timeouts.c.obj
                0x10008614                sys_timeout
 .text.tcp_timer_needed
                0x10008640       0x40 CMakeFiles/pico_w_webserver.dir/Users/kkfong/pico/pico-sdk/lib/lwip/src/core/timeouts.c.obj
                0x10008640                tcp_timer_needed
 .text.tcpip_tcp_timer
                0x10008680       0x3c CMakeFiles/pico_w_webserver.dir/Users/kkfong/pico/pico-sdk/lib/lwip/src/core/timeouts.c.obj
 .text.sys_timeouts_init
                0x100086bc       0x24 CMakeFiles/pico_w_webserver.dir/Users/kkfong/pico/pico-sdk/lib/lwip/src/core/timeouts.c.obj
                0x100086bc                sys_timeouts_init
 .text.sys_check_timeouts
                0x100086e0       0x54 CMakeFiles/pico_w_webserver.dir/Users/kkfong/pico/pico-sdk/lib/lwip/src/core/timeouts.c.obj
                0x100086e0                sys_check_timeouts
 .text.sys_timeouts_sleeptime
                0x10008734       0x34 CMakeFiles/pico_w_webserver.dir/Users/kkfong/pico/pico-sdk/lib/lwip/src/core/timeouts.c.obj
                0x10008734                sys_timeouts_sleeptime
 .text.udp_new_port
                0x10008768       0x54 CMakeFiles/pico_w_webserver.dir/Users/kkfong/pico/pico-sdk/lib/lwip/src/core/udp.c.obj
 .text.udp_input_local_match
                0x100087bc       0x90 CMakeFiles/pico_w_webserver.dir/Users/kkfong/pico/pico-sdk/lib/lwip/src/core/udp.c.obj
 .text.udp_init
                0x1000884c       0x20 CMakeFiles/pico_w_webserver.dir/Users/kkfong/pico/pico-sdk/lib/lwip/src/core/udp.c.obj
                0x1000884c                udp_init
 .text.udp_input
                0x1000886c      0x20c CMakeFiles/pico_w_webserver.dir/Users/kkfong/pico/pico-sdk/lib/lwip/src/core/udp.c.obj
                0x1000886c                udp_input
 .text.udp_bind
                0x10008a78       0xb0 CMakeFiles/pico_w_webserver.dir/Users/kkfong/pico/pico-sdk/lib/lwip/src/core/udp.c.obj
                0x10008a78                udp_bind
 .text.udp_sendto_if_src
                0x10008b28      0x17c CMakeFiles/pico_w_webserver.dir/Users/kkfong/pico/pico-sdk/lib/lwip/src/core/udp.c.obj
                0x10008b28                udp_sendto_if_src
 .text.udp_sendto_if
                0x10008ca4       0x84 CMakeFiles/pico_w_webserver.dir/Users/kkfong/pico/pico-sdk/lib/lwip/src/core/udp.c.obj
                0x10008ca4                udp_sendto_if
 .text.udp_sendto
                0x10008d28       0x84 CMakeFiles/pico_w_webserver.dir/Users/kkfong/pico/pico-sdk/lib/lwip/src/core/udp.c.obj
                0x10008d28                udp_sendto
 .text.udp_connect
                0x10008dac       0x74 CMakeFiles/pico_w_webserver.dir/Users/kkfong/pico/pico-sdk/lib/lwip/src/core/udp.c.obj
                0x10008dac                udp_connect
 .text.udp_recv
                0x10008e20       0x18 CMakeFiles/pico_w_webserver.dir/Users/kkfong/pico/pico-sdk/lib/lwip/src/core/udp.c.obj
                0x10008e20                udp_recv
 .text.udp_remove
                0x10008e38       0x44 CMakeFiles/pico_w_webserver.dir/Users/kkfong/pico/pico-sdk/lib/lwip/src/core/udp.c.obj
                0x10008e38                udp_remove
 .text.udp_new  0x10008e7c       0x1c CMakeFiles/pico_w_webserver.dir/Users/kkfong/pico/pico-sdk/lib/lwip/src/core/udp.c.obj
                0x10008e7c                udp_new
 .text.udp_netif_ip_addr_changed
                0x10008e98       0x38 CMakeFiles/pico_w_webserver.dir/Users/kkfong/pico/pico-sdk/lib/lwip/src/core/udp.c.obj
                0x10008e98                udp_netif_ip_addr_changed
 .text.dhcp_set_state
                0x10008ed0       0x10 CMakeFiles/pico_w_webserver.dir/Users/kkfong/pico/pico-sdk/lib/lwip/src/core/ipv4/dhcp.c.obj
 .text.dhcp_option_short
                0x10008ee0       0x24 CMakeFiles/pico_w_webserver.dir/Users/kkfong/pico/pico-sdk/lib/lwip/src/core/ipv4/dhcp.c.obj
 .text.dhcp_option
                0x10008f04       0x24 CMakeFiles/pico_w_webserver.dir/Users/kkfong/pico/pico-sdk/lib/lwip/src/core/ipv4/dhcp.c.obj
 .text.dhcp_option_byte
                0x10008f28       0x1c CMakeFiles/pico_w_webserver.dir/Users/kkfong/pico/pico-sdk/lib/lwip/src/core/ipv4/dhcp.c.obj
 .text.dhcp_option_long
                0x10008f44       0x34 CMakeFiles/pico_w_webserver.dir/Users/kkfong/pico/pico-sdk/lib/lwip/src/core/ipv4/dhcp.c.obj
 .text.dhcp_create_msg
                0x10008f78      0x138 CMakeFiles/pico_w_webserver.dir/Users/kkfong/pico/pico-sdk/lib/lwip/src/core/ipv4/dhcp.c.obj
 .text.dhcp_option_hostname
                0x100090b0       0x70 CMakeFiles/pico_w_webserver.dir/Users/kkfong/pico/pico-sdk/lib/lwip/src/core/ipv4/dhcp.c.obj
 .text.dhcp_option_trailer
                0x10009120       0x28 CMakeFiles/pico_w_webserver.dir/Users/kkfong/pico/pico-sdk/lib/lwip/src/core/ipv4/dhcp.c.obj
 .text.dhcp_rebind
                0x10009148       0xfc CMakeFiles/pico_w_webserver.dir/Users/kkfong/pico/pico-sdk/lib/lwip/src/core/ipv4/dhcp.c.obj
 .text.dhcp_t2_timeout
                0x10009244       0x2e CMakeFiles/pico_w_webserver.dir/Users/kkfong/pico/pico-sdk/lib/lwip/src/core/ipv4/dhcp.c.obj
 *fill*         0x10009272        0x2 
 .text.dhcp_reboot
                0x10009274      0x120 CMakeFiles/pico_w_webserver.dir/Users/kkfong/pico/pico-sdk/lib/lwip/src/core/ipv4/dhcp.c.obj
 .text.dhcp_select
                0x10009394      0x16c CMakeFiles/pico_w_webserver.dir/Users/kkfong/pico/pico-sdk/lib/lwip/src/core/ipv4/dhcp.c.obj
 .text.dhcp_handle_offer
                0x10009500       0x48 CMakeFiles/pico_w_webserver.dir/Users/kkfong/pico/pico-sdk/lib/lwip/src/core/ipv4/dhcp.c.obj
 .text.dhcp_discover
                0x10009548       0xf4 CMakeFiles/pico_w_webserver.dir/Users/kkfong/pico/pico-sdk/lib/lwip/src/core/ipv4/dhcp.c.obj
 .text.dhcp_dec_pcb_refcount
                0x1000963c       0x38 CMakeFiles/pico_w_webserver.dir/Users/kkfong/pico/pico-sdk/lib/lwip/src/core/ipv4/dhcp.c.obj
 .text.dhcp_inc_pcb_refcount
                0x10009674       0x74 CMakeFiles/pico_w_webserver.dir/Users/kkfong/pico/pico-sdk/lib/lwip/src/core/ipv4/dhcp.c.obj
 .text.dhcp_parse_reply
                0x100096e8      0x2f4 CMakeFiles/pico_w_webserver.dir/Users/kkfong/pico/pico-sdk/lib/lwip/src/core/ipv4/dhcp.c.obj
 .text.dhcp_handle_ack
                0x100099dc       0xd0 CMakeFiles/pico_w_webserver.dir/Users/kkfong/pico/pico-sdk/lib/lwip/src/core/ipv4/dhcp.c.obj
 .text.dhcp_bind
                0x10009aac      0x104 CMakeFiles/pico_w_webserver.dir/Users/kkfong/pico/pico-sdk/lib/lwip/src/core/ipv4/dhcp.c.obj
 .text.dhcp_handle_nak
                0x10009bb0       0x24 CMakeFiles/pico_w_webserver.dir/Users/kkfong/pico/pico-sdk/lib/lwip/src/core/ipv4/dhcp.c.obj
 .text.dhcp_recv
                0x10009bd4       0xf4 CMakeFiles/pico_w_webserver.dir/Users/kkfong/pico/pico-sdk/lib/lwip/src/core/ipv4/dhcp.c.obj
 .text.dhcp_set_struct
                0x10009cc8       0x44 CMakeFiles/pico_w_webserver.dir/Users/kkfong/pico/pico-sdk/lib/lwip/src/core/ipv4/dhcp.c.obj
                0x10009cc8                dhcp_set_struct
 .text.dhcp_network_changed_link_up
                0x10009d0c       0x40 CMakeFiles/pico_w_webserver.dir/Users/kkfong/pico/pico-sdk/lib/lwip/src/core/ipv4/dhcp.c.obj
                0x10009d0c                dhcp_network_changed_link_up
 .text.dhcp_renew
                0x10009d4c       0xf8 CMakeFiles/pico_w_webserver.dir/Users/kkfong/pico/pico-sdk/lib/lwip/src/core/ipv4/dhcp.c.obj
                0x10009d4c                dhcp_renew
 .text.dhcp_t1_timeout
                0x10009e44       0x2a CMakeFiles/pico_w_webserver.dir/Users/kkfong/pico/pico-sdk/lib/lwip/src/core/ipv4/dhcp.c.obj
 .text.dhcp_supplied_address
                0x10009e6e       0x32 CMakeFiles/pico_w_webserver.dir/Users/kkfong/pico/pico-sdk/lib/lwip/src/core/ipv4/dhcp.c.obj
                0x10009e6e                dhcp_supplied_address
 .text.dhcp_release_and_stop
                0x10009ea0       0xdc CMakeFiles/pico_w_webserver.dir/Users/kkfong/pico/pico-sdk/lib/lwip/src/core/ipv4/dhcp.c.obj
                0x10009ea0                dhcp_release_and_stop
 .text.dhcp_start
                0x10009f7c       0xac CMakeFiles/pico_w_webserver.dir/Users/kkfong/pico/pico-sdk/lib/lwip/src/core/ipv4/dhcp.c.obj
                0x10009f7c                dhcp_start
 .text.dhcp_coarse_tmr
                0x1000a028       0x6c CMakeFiles/pico_w_webserver.dir/Users/kkfong/pico/pico-sdk/lib/lwip/src/core/ipv4/dhcp.c.obj
                0x1000a028                dhcp_coarse_tmr
 .text.dhcp_timeout
                0x1000a094       0x4a CMakeFiles/pico_w_webserver.dir/Users/kkfong/pico/pico-sdk/lib/lwip/src/core/ipv4/dhcp.c.obj
 *fill*         0x1000a0de        0x2 
 .text.dhcp_fine_tmr
                0x1000a0e0       0x38 CMakeFiles/pico_w_webserver.dir/Users/kkfong/pico/pico-sdk/lib/lwip/src/core/ipv4/dhcp.c.obj
                0x1000a0e0                dhcp_fine_tmr
 .text.dhcp_stop
                0x1000a118        0x8 CMakeFiles/pico_w_webserver.dir/Users/kkfong/pico/pico-sdk/lib/lwip/src/core/ipv4/dhcp.c.obj
                0x1000a118                dhcp_stop
 .text.etharp_free_entry
                0x1000a120       0x4c CMakeFiles/pico_w_webserver.dir/Users/kkfong/pico/pico-sdk/lib/lwip/src/core/ipv4/etharp.c.obj
 .text.etharp_find_entry
                0x1000a16c      0x1a8 CMakeFiles/pico_w_webserver.dir/Users/kkfong/pico/pico-sdk/lib/lwip/src/core/ipv4/etharp.c.obj
 .text.etharp_update_arp_entry
                0x1000a314       0xc8 CMakeFiles/pico_w_webserver.dir/Users/kkfong/pico/pico-sdk/lib/lwip/src/core/ipv4/etharp.c.obj
 .text.etharp_raw
                0x1000a3dc       0xf0 CMakeFiles/pico_w_webserver.dir/Users/kkfong/pico/pico-sdk/lib/lwip/src/core/ipv4/etharp.c.obj
 .text.etharp_request_dst
                0x1000a4cc       0x24 CMakeFiles/pico_w_webserver.dir/Users/kkfong/pico/pico-sdk/lib/lwip/src/core/ipv4/etharp.c.obj
 .text.etharp_cleanup_netif
                0x1000a4f0       0x3c CMakeFiles/pico_w_webserver.dir/Users/kkfong/pico/pico-sdk/lib/lwip/src/core/ipv4/etharp.c.obj
                0x1000a4f0                etharp_cleanup_netif
 .text.etharp_input
                0x1000a52c      0x120 CMakeFiles/pico_w_webserver.dir/Users/kkfong/pico/pico-sdk/lib/lwip/src/core/ipv4/etharp.c.obj
                0x1000a52c                etharp_input
 .text.etharp_request
                0x1000a64c       0x10 CMakeFiles/pico_w_webserver.dir/Users/kkfong/pico/pico-sdk/lib/lwip/src/core/ipv4/etharp.c.obj
                0x1000a64c                etharp_request
 .text.etharp_tmr
                0x1000a65c       0x8c CMakeFiles/pico_w_webserver.dir/Users/kkfong/pico/pico-sdk/lib/lwip/src/core/ipv4/etharp.c.obj
                0x1000a65c                etharp_tmr
 .text.etharp_output_to_arp_index
                0x1000a6e8       0xc0 CMakeFiles/pico_w_webserver.dir/Users/kkfong/pico/pico-sdk/lib/lwip/src/core/ipv4/etharp.c.obj
 .text.etharp_query
                0x1000a7a8      0x1c0 CMakeFiles/pico_w_webserver.dir/Users/kkfong/pico/pico-sdk/lib/lwip/src/core/ipv4/etharp.c.obj
                0x1000a7a8                etharp_query
 .text.etharp_output
                0x1000a968      0x150 CMakeFiles/pico_w_webserver.dir/Users/kkfong/pico/pico-sdk/lib/lwip/src/core/ipv4/etharp.c.obj
                0x1000a968                etharp_output
 .text.icmp_send_response
                0x1000aab8       0xd4 CMakeFiles/pico_w_webserver.dir/Users/kkfong/pico/pico-sdk/lib/lwip/src/core/ipv4/icmp.c.obj
 .text.icmp_input
                0x1000ab8c      0x200 CMakeFiles/pico_w_webserver.dir/Users/kkfong/pico/pico-sdk/lib/lwip/src/core/ipv4/icmp.c.obj
                0x1000ab8c                icmp_input
 .text.icmp_dest_unreach
                0x1000ad8c        0xc CMakeFiles/pico_w_webserver.dir/Users/kkfong/pico/pico-sdk/lib/lwip/src/core/ipv4/icmp.c.obj
                0x1000ad8c                icmp_dest_unreach
 .text.icmp_time_exceeded
                0x1000ad98        0xc CMakeFiles/pico_w_webserver.dir/Users/kkfong/pico/pico-sdk/lib/lwip/src/core/ipv4/icmp.c.obj
                0x1000ad98                icmp_time_exceeded
 .text.ip_reass_dequeue_datagram
                0x1000ada4       0x34 CMakeFiles/pico_w_webserver.dir/Users/kkfong/pico/pico-sdk/lib/lwip/src/core/ipv4/ip4_frag.c.obj
 .text.ip_reass_free_complete_datagram
                0x1000add8       0xe8 CMakeFiles/pico_w_webserver.dir/Users/kkfong/pico/pico-sdk/lib/lwip/src/core/ipv4/ip4_frag.c.obj
 .text.ip_reass_remove_oldest_datagram
                0x1000aec0       0xc0 CMakeFiles/pico_w_webserver.dir/Users/kkfong/pico/pico-sdk/lib/lwip/src/core/ipv4/ip4_frag.c.obj
 .text.ip_reass_chain_frag_into_datagram_and_validate
                0x1000af80      0x27c CMakeFiles/pico_w_webserver.dir/Users/kkfong/pico/pico-sdk/lib/lwip/src/core/ipv4/ip4_frag.c.obj
 .text.ip_reass_enqueue_new_datagram
                0x1000b1fc       0x64 CMakeFiles/pico_w_webserver.dir/Users/kkfong/pico/pico-sdk/lib/lwip/src/core/ipv4/ip4_frag.c.obj
 .text.ip_reass_tmr
                0x1000b260       0x30 CMakeFiles/pico_w_webserver.dir/Users/kkfong/pico/pico-sdk/lib/lwip/src/core/ipv4/ip4_frag.c.obj
                0x1000b260                ip_reass_tmr
 .text.ip4_reass
                0x1000b290      0x284 CMakeFiles/pico_w_webserver.dir/Users/kkfong/pico/pico-sdk/lib/lwip/src/core/ipv4/ip4_frag.c.obj
                0x1000b290                ip4_reass
 .text.ip4_frag
                0x1000b514      0x17c CMakeFiles/pico_w_webserver.dir/Users/kkfong/pico/pico-sdk/lib/lwip/src/core/ipv4/ip4_frag.c.obj
                0x1000b514                ip4_frag
 .text.ip4_input_accept
                0x1000b690       0x38 CMakeFiles/pico_w_webserver.dir/Users/kkfong/pico/pico-sdk/lib/lwip/src/core/ipv4/ip4.c.obj
 .text.ip4_route
                0x1000b6c8       0x7c CMakeFiles/pico_w_webserver.dir/Users/kkfong/pico/pico-sdk/lib/lwip/src/core/ipv4/ip4.c.obj
                0x1000b6c8                ip4_route
 .text.ip4_input
                0x1000b744      0x290 CMakeFiles/pico_w_webserver.dir/Users/kkfong/pico/pico-sdk/lib/lwip/src/core/ipv4/ip4.c.obj
                0x1000b744                ip4_input
 .text.ip4_output_if_src
                0x1000b9d4      0x1c4 CMakeFiles/pico_w_webserver.dir/Users/kkfong/pico/pico-sdk/lib/lwip/src/core/ipv4/ip4.c.obj
                0x1000b9d4                ip4_output_if_src
 .text.ip4_output_if
                0x1000bb98       0x2e CMakeFiles/pico_w_webserver.dir/Users/kkfong/pico/pico-sdk/lib/lwip/src/core/ipv4/ip4.c.obj
                0x1000bb98                ip4_output_if
 .text.ip4_addr_isbroadcast_u32
                0x1000bbc6       0x42 CMakeFiles/pico_w_webserver.dir/Users/kkfong/pico/pico-sdk/lib/lwip/src/core/ipv4/ip4_addr.c.obj
                0x1000bbc6                ip4_addr_isbroadcast_u32
 .text.ethernet_input
                0x1000bc08       0xe0 CMakeFiles/pico_w_webserver.dir/Users/kkfong/pico/pico-sdk/lib/lwip/src/netif/ethernet.c.obj
                0x1000bc08                ethernet_input
 .text.ethernet_output
                0x1000bce8       0x6c CMakeFiles/pico_w_webserver.dir/Users/kkfong/pico/pico-sdk/lib/lwip/src/netif/ethernet.c.obj
                0x1000bce8                ethernet_output
 .text.time_reached
                0x1000bd54       0x28 CMakeFiles/pico_w_webserver.dir/Users/kkfong/pico/pico-sdk/src/rp2_common/pico_cyw43_arch/cyw43_arch.c.obj
 .text.cyw43_tcpip_link_status_name
                0x1000bd7c       0x54 CMakeFiles/pico_w_webserver.dir/Users/kkfong/pico/pico-sdk/src/rp2_common/pico_cyw43_arch/cyw43_arch.c.obj
 .text.update_us_since_boot
                0x1000bdd0       0x24 CMakeFiles/pico_w_webserver.dir/Users/kkfong/pico/pico-sdk/src/rp2_common/pico_cyw43_arch/cyw43_arch.c.obj
 .text.delayed_by_ms
                0x1000bdf4       0x44 CMakeFiles/pico_w_webserver.dir/Users/kkfong/pico/pico-sdk/src/rp2_common/pico_cyw43_arch/cyw43_arch.c.obj
 .text.get_absolute_time
                0x1000be38       0x22 CMakeFiles/pico_w_webserver.dir/Users/kkfong/pico/pico-sdk/src/rp2_common/pico_cyw43_arch/cyw43_arch.c.obj
 .text.make_timeout_time_ms
                0x1000be5a       0x20 CMakeFiles/pico_w_webserver.dir/Users/kkfong/pico/pico-sdk/src/rp2_common/pico_cyw43_arch/cyw43_arch.c.obj
 *fill*         0x1000be7a        0x2 
 .text.cyw43_arch_set_async_context
                0x1000be7c        0xc CMakeFiles/pico_w_webserver.dir/Users/kkfong/pico/pico-sdk/src/rp2_common/pico_cyw43_arch/cyw43_arch.c.obj
                0x1000be7c                cyw43_arch_set_async_context
 .text.cyw43_arch_wifi_connect_bssid_async
                0x1000be88       0x5c CMakeFiles/pico_w_webserver.dir/Users/kkfong/pico/pico-sdk/src/rp2_common/pico_cyw43_arch/cyw43_arch.c.obj
                0x1000be88                cyw43_arch_wifi_connect_bssid_async
 .text.cyw43_arch_get_country_code
                0x1000bee4        0xc CMakeFiles/pico_w_webserver.dir/Users/kkfong/pico/pico-sdk/src/rp2_common/pico_cyw43_arch/cyw43_arch.c.obj
                0x1000bee4                cyw43_arch_get_country_code
 .text.cyw43_arch_enable_sta_mode
                0x1000bef0       0x40 CMakeFiles/pico_w_webserver.dir/Users/kkfong/pico/pico-sdk/src/rp2_common/pico_cyw43_arch/cyw43_arch.c.obj
                0x1000bef0                cyw43_arch_enable_sta_mode
 .text.cyw43_arch_gpio_put
                0x1000bf30       0x14 CMakeFiles/pico_w_webserver.dir/Users/kkfong/pico/pico-sdk/src/rp2_common/pico_cyw43_arch/cyw43_arch.c.obj
                0x1000bf30                cyw43_arch_gpio_put
 .text.cyw43_arch_async_context
                0x1000bf44        0xc CMakeFiles/pico_w_webserver.dir/Users/kkfong/pico/pico-sdk/src/rp2_common/pico_cyw43_arch/cyw43_arch.c.obj
                0x1000bf44                cyw43_arch_async_context
 .text.cyw43_arch_poll
                0x1000bf50       0x18 CMakeFiles/pico_w_webserver.dir/Users/kkfong/pico/pico-sdk/src/rp2_common/pico_cyw43_arch/cyw43_arch.c.obj
                0x1000bf50                cyw43_arch_poll
 .text.cyw43_arch_wait_for_work_until
                0x1000bf68       0x18 CMakeFiles/pico_w_webserver.dir/Users/kkfong/pico/pico-sdk/src/rp2_common/pico_cyw43_arch/cyw43_arch.c.obj
                0x1000bf68                cyw43_arch_wait_for_work_until
 .text.cyw43_arch_wifi_connect_bssid_until
                0x1000bf80       0xdc CMakeFiles/pico_w_webserver.dir/Users/kkfong/pico/pico-sdk/src/rp2_common/pico_cyw43_arch/cyw43_arch.c.obj
 .text.cyw43_arch_wifi_connect_until
                0x1000c05c       0x1a CMakeFiles/pico_w_webserver.dir/Users/kkfong/pico/pico-sdk/src/rp2_common/pico_cyw43_arch/cyw43_arch.c.obj
 .text.cyw43_arch_wifi_connect_timeout_ms
                0x1000c076       0x28 CMakeFiles/pico_w_webserver.dir/Users/kkfong/pico/pico-sdk/src/rp2_common/pico_cyw43_arch/cyw43_arch.c.obj
                0x1000c076                cyw43_arch_wifi_connect_timeout_ms
 *fill*         0x1000c09e        0x2 
 .text.cyw43_arch_init_default_async_context
                0x1000c0a0       0x20 CMakeFiles/pico_w_webserver.dir/Users/kkfong/pico/pico-sdk/src/rp2_common/pico_cyw43_arch/cyw43_arch_threadsafe_background.c.obj
                0x1000c0a0                cyw43_arch_init_default_async_context
 .text.cyw43_arch_deinit
                0x1000c0c0       0x30 CMakeFiles/pico_w_webserver.dir/Users/kkfong/pico/pico-sdk/src/rp2_common/pico_cyw43_arch/cyw43_arch_threadsafe_background.c.obj
                0x1000c0c0                cyw43_arch_deinit
 .text.cyw43_arch_init
                0x1000c0f0       0x42 CMakeFiles/pico_w_webserver.dir/Users/kkfong/pico/pico-sdk/src/rp2_common/pico_cyw43_arch/cyw43_arch_threadsafe_background.c.obj
                0x1000c0f0                cyw43_arch_init
 .text.pio_get_default_sm_config
                0x1000c132       0x28 CMakeFiles/pico_w_webserver.dir/Users/kkfong/pico/pico-sdk/src/rp2_common/pico_cyw43_driver/cyw43_bus_pio_spi.c.obj
 *fill*         0x1000c15a        0x2 
 .text.spi_gap01_sample0_program_get_default_config
                0x1000c15c       0x3c CMakeFiles/pico_w_webserver.dir/Users/kkfong/pico/pico-sdk/src/rp2_common/pico_cyw43_driver/cyw43_bus_pio_spi.c.obj
 .text.cs_set   0x1000c198       0x1c CMakeFiles/pico_w_webserver.dir/Users/kkfong/pico/pico-sdk/src/rp2_common/pico_cyw43_driver/cyw43_bus_pio_spi.c.obj
 .text.channel_config_set_chain_to
                0x1000c1b4       0x30 CMakeFiles/pico_w_webserver.dir/Users/kkfong/pico/pico-sdk/src/rp2_common/pico_cyw43_driver/cyw43_bus_pio_spi.c.obj
 .text.dma_channel_get_default_config
                0x1000c1e4       0x74 CMakeFiles/pico_w_webserver.dir/Users/kkfong/pico/pico-sdk/src/rp2_common/pico_cyw43_driver/cyw43_bus_pio_spi.c.obj
 .text.channel_config_set_dreq
                0x1000c258       0x30 CMakeFiles/pico_w_webserver.dir/Users/kkfong/pico/pico-sdk/src/rp2_common/pico_cyw43_driver/cyw43_bus_pio_spi.c.obj
 .text.start_spi_comms
                0x1000c288       0x2c CMakeFiles/pico_w_webserver.dir/Users/kkfong/pico/pico-sdk/src/rp2_common/pico_cyw43_driver/cyw43_bus_pio_spi.c.obj
 .text.ns_delay
                0x1000c2b4       0x20 CMakeFiles/pico_w_webserver.dir/Users/kkfong/pico/pico-sdk/src/rp2_common/pico_cyw43_driver/cyw43_bus_pio_spi.c.obj
 .text.stop_spi_comms
                0x1000c2d4       0x10 CMakeFiles/pico_w_webserver.dir/Users/kkfong/pico/pico-sdk/src/rp2_common/pico_cyw43_driver/cyw43_bus_pio_spi.c.obj
 .text.cyw43_spi_deinit
                0x1000c2e4       0x74 CMakeFiles/pico_w_webserver.dir/Users/kkfong/pico/pico-sdk/src/rp2_common/pico_cyw43_driver/cyw43_bus_pio_spi.c.obj
                0x1000c2e4                cyw43_spi_deinit
 .text.cyw43_spi_init
                0x1000c358      0x234 CMakeFiles/pico_w_webserver.dir/Users/kkfong/pico/pico-sdk/src/rp2_common/pico_cyw43_driver/cyw43_bus_pio_spi.c.obj
                0x1000c358                cyw43_spi_init
 .text.cyw43_spi_transfer
                0x1000c58c      0x568 CMakeFiles/pico_w_webserver.dir/Users/kkfong/pico/pico-sdk/src/rp2_common/pico_cyw43_driver/cyw43_bus_pio_spi.c.obj
                0x1000c58c                cyw43_spi_transfer
 .text._cyw43_read_reg
                0x1000caf4       0x50 CMakeFiles/pico_w_webserver.dir/Users/kkfong/pico/pico-sdk/src/rp2_common/pico_cyw43_driver/cyw43_bus_pio_spi.c.obj
 .text._cyw43_write_reg
                0x1000cb44       0x58 CMakeFiles/pico_w_webserver.dir/Users/kkfong/pico/pico-sdk/src/rp2_common/pico_cyw43_driver/cyw43_bus_pio_spi.c.obj
 .text.cyw43_spi_gpio_setup
                0x1000cb9c       0x3a CMakeFiles/pico_w_webserver.dir/Users/kkfong/pico/pico-sdk/src/rp2_common/pico_cyw43_driver/cyw43_bus_pio_spi.c.obj
                0x1000cb9c                cyw43_spi_gpio_setup
 .text.cyw43_spi_reset
                0x1000cbd6       0x28 CMakeFiles/pico_w_webserver.dir/Users/kkfong/pico/pico-sdk/src/rp2_common/pico_cyw43_driver/cyw43_bus_pio_spi.c.obj
                0x1000cbd6                cyw43_spi_reset
 *fill*         0x1000cbfe        0x2 
 .text.read_reg_u32_swap
                0x1000cc00       0x68 CMakeFiles/pico_w_webserver.dir/Users/kkfong/pico/pico-sdk/src/rp2_common/pico_cyw43_driver/cyw43_bus_pio_spi.c.obj
                0x1000cc00                read_reg_u32_swap
 .text.cyw43_read_reg_u32
                0x1000cc68        0xa CMakeFiles/pico_w_webserver.dir/Users/kkfong/pico/pico-sdk/src/rp2_common/pico_cyw43_driver/cyw43_bus_pio_spi.c.obj
                0x1000cc68                cyw43_read_reg_u32
 .text.cyw43_read_reg_u16
                0x1000cc72        0xa CMakeFiles/pico_w_webserver.dir/Users/kkfong/pico/pico-sdk/src/rp2_common/pico_cyw43_driver/cyw43_bus_pio_spi.c.obj
                0x1000cc72                cyw43_read_reg_u16
 .text.cyw43_read_reg_u8
                0x1000cc7c        0xa CMakeFiles/pico_w_webserver.dir/Users/kkfong/pico/pico-sdk/src/rp2_common/pico_cyw43_driver/cyw43_bus_pio_spi.c.obj
                0x1000cc7c                cyw43_read_reg_u8
 *fill*         0x1000cc86        0x2 
 .text.write_reg_u32_swap
                0x1000cc88       0x34 CMakeFiles/pico_w_webserver.dir/Users/kkfong/pico/pico-sdk/src/rp2_common/pico_cyw43_driver/cyw43_bus_pio_spi.c.obj
                0x1000cc88                write_reg_u32_swap
 .text.cyw43_write_reg_u32
                0x1000ccbc       0x10 CMakeFiles/pico_w_webserver.dir/Users/kkfong/pico/pico-sdk/src/rp2_common/pico_cyw43_driver/cyw43_bus_pio_spi.c.obj
                0x1000ccbc                cyw43_write_reg_u32
 .text.cyw43_write_reg_u16
                0x1000cccc       0x10 CMakeFiles/pico_w_webserver.dir/Users/kkfong/pico/pico-sdk/src/rp2_common/pico_cyw43_driver/cyw43_bus_pio_spi.c.obj
                0x1000cccc                cyw43_write_reg_u16
 .text.cyw43_write_reg_u8
                0x1000ccdc       0x10 CMakeFiles/pico_w_webserver.dir/Users/kkfong/pico/pico-sdk/src/rp2_common/pico_cyw43_driver/cyw43_bus_pio_spi.c.obj
                0x1000ccdc                cyw43_write_reg_u8
 .text.cyw43_read_bytes
                0x1000ccec       0xfc CMakeFiles/pico_w_webserver.dir/Users/kkfong/pico/pico-sdk/src/rp2_common/pico_cyw43_driver/cyw43_bus_pio_spi.c.obj
                0x1000ccec                cyw43_read_bytes
 .text.cyw43_write_bytes
                0x1000cde8      0x124 CMakeFiles/pico_w_webserver.dir/Users/kkfong/pico/pico-sdk/src/rp2_common/pico_cyw43_driver/cyw43_bus_pio_spi.c.obj
                0x1000cde8                cyw43_write_bytes
 .text.get_core_address
                0x1000cf0c       0x1c CMakeFiles/pico_w_webserver.dir/Users/kkfong/pico/pico-sdk/lib/cyw43-driver/src/cyw43_ll.c.obj
 .text.sdpcm_process_rx_packet
                0x1000cf28      0x180 CMakeFiles/pico_w_webserver.dir/Users/kkfong/pico/pico-sdk/lib/cyw43-driver/src/cyw43_ll.c.obj
 .text.cyw43_ll_wifi_parse_scan_result
                0x1000d0a8       0x9c CMakeFiles/pico_w_webserver.dir/Users/kkfong/pico/pico-sdk/lib/cyw43-driver/src/cyw43_ll.c.obj
 .text.cyw43_ll_parse_async_event
                0x1000d144       0x8e CMakeFiles/pico_w_webserver.dir/Users/kkfong/pico/pico-sdk/lib/cyw43-driver/src/cyw43_ll.c.obj
 *fill*         0x1000d1d2        0x2 
 .text.cyw43_kso_set
                0x1000d1d4       0x98 CMakeFiles/pico_w_webserver.dir/Users/kkfong/pico/pico-sdk/lib/cyw43-driver/src/cyw43_ll.c.obj
 .text.cyw43_ll_bus_sleep_helper
                0x1000d26c        0xe CMakeFiles/pico_w_webserver.dir/Users/kkfong/pico/pico-sdk/lib/cyw43-driver/src/cyw43_ll.c.obj
 *fill*         0x1000d27a        0x2 
 .text.cyw43_read_reg
                0x1000d27c       0x48 CMakeFiles/pico_w_webserver.dir/Users/kkfong/pico/pico-sdk/lib/cyw43-driver/src/cyw43_ll.c.obj
 .text.cyw43_write_reg
                0x1000d2c4       0x4c CMakeFiles/pico_w_webserver.dir/Users/kkfong/pico/pico-sdk/lib/cyw43-driver/src/cyw43_ll.c.obj
 .text.cyw43_set_backplane_window
                0x1000d310       0x78 CMakeFiles/pico_w_webserver.dir/Users/kkfong/pico/pico-sdk/lib/cyw43-driver/src/cyw43_ll.c.obj
 .text.cyw43_read_backplane
                0x1000d388       0x30 CMakeFiles/pico_w_webserver.dir/Users/kkfong/pico/pico-sdk/lib/cyw43-driver/src/cyw43_ll.c.obj
 .text.disable_device_core
                0x1000d3b8       0x3c CMakeFiles/pico_w_webserver.dir/Users/kkfong/pico/pico-sdk/lib/cyw43-driver/src/cyw43_ll.c.obj
 .text.device_core_is_up
                0x1000d3f4       0x4c CMakeFiles/pico_w_webserver.dir/Users/kkfong/pico/pico-sdk/lib/cyw43-driver/src/cyw43_ll.c.obj
 .text.cyw43_write_backplane
                0x1000d440       0x34 CMakeFiles/pico_w_webserver.dir/Users/kkfong/pico/pico-sdk/lib/cyw43-driver/src/cyw43_ll.c.obj
 .text.reset_device_core
                0x1000d474       0x74 CMakeFiles/pico_w_webserver.dir/Users/kkfong/pico/pico-sdk/lib/cyw43-driver/src/cyw43_ll.c.obj
 .text.cyw43_download_resource
                0x1000d4e8      0x17c CMakeFiles/pico_w_webserver.dir/Users/kkfong/pico/pico-sdk/lib/cyw43-driver/src/cyw43_ll.c.obj
 .text.cyw43_ll_init
                0x1000d664       0x20 CMakeFiles/pico_w_webserver.dir/Users/kkfong/pico/pico-sdk/lib/cyw43-driver/src/cyw43_ll.c.obj
                0x1000d664                cyw43_ll_init
 .text.cyw43_ll_deinit
                0x1000d684        0x8 CMakeFiles/pico_w_webserver.dir/Users/kkfong/pico/pico-sdk/lib/cyw43-driver/src/cyw43_ll.c.obj
                0x1000d684                cyw43_ll_deinit
 .text.cyw43_ll_bus_sleep
                0x1000d68c       0x34 CMakeFiles/pico_w_webserver.dir/Users/kkfong/pico/pico-sdk/lib/cyw43-driver/src/cyw43_ll.c.obj
                0x1000d68c                cyw43_ll_bus_sleep
 .text.cyw43_ll_sdpcm_poll_device
                0x1000d6c0      0x158 CMakeFiles/pico_w_webserver.dir/Users/kkfong/pico/pico-sdk/lib/cyw43-driver/src/cyw43_ll.c.obj